<!doctype html public "-//w3c//dtd html 4.0 transitional//en">
<html><head>
<title>Static Call Graph - [STM32F030\STM32F030.axf]</title></head>
<body><HR>
<H1>Static Call Graph for image STM32F030\STM32F030.axf</H1><HR>
<BR><P>#&#060CALLGRAPH&#062# ARM Linker, 5060960: Last Updated: Tue May 12 01:50:49 2026
<BR><P>
<H3>Maximum Stack Usage =        424 bytes + Unknown(Cycles, Untraceable Function Pointers)</H3><H3>
Call chain for Maximum Stack Depth:</H3>
we_chart_simple_demo_tick &rArr; we_chart_push &rArr; _chart_invalidate_push &rArr; we_obj_invalidate_area &rArr; we_dirty_invalidate &rArr; we_dirty_add_rect &rArr; rect_trim_one_side
<P>
<H3>
Mutually Recursive functions
</H3> <LI><a href="#[12]">ADC1_COMP_IRQHandler</a>&nbsp;&nbsp;&nbsp;&rArr;&nbsp;&nbsp;&nbsp;<a href="#[12]">ADC1_COMP_IRQHandler</a><BR>
 <LI><a href="#[2]">HardFault_Handler</a>&nbsp;&nbsp;&nbsp;&rArr;&nbsp;&nbsp;&nbsp;<a href="#[2]">HardFault_Handler</a><BR>
</UL>
<P>
<H3>
Function Pointers
</H3><UL>
 <LI><a href="#[12]">ADC1_COMP_IRQHandler</a> from startup_stm32f0xx.o(.text) referenced from startup_stm32f0xx.o(RESET)
 <LI><a href="#[22]">CEC_IRQHandler</a> from startup_stm32f0xx.o(.text) referenced from startup_stm32f0xx.o(RESET)
 <LI><a href="#[f]">DMA1_Channel1_IRQHandler</a> from startup_stm32f0xx.o(.text) referenced from startup_stm32f0xx.o(RESET)
 <LI><a href="#[10]">DMA1_Channel2_3_IRQHandler</a> from startup_stm32f0xx.o(.text) referenced from startup_stm32f0xx.o(RESET)
 <LI><a href="#[11]">DMA1_Channel4_5_IRQHandler</a> from stm32f0xx_it.o(i.DMA1_Channel4_5_IRQHandler) referenced from startup_stm32f0xx.o(RESET)
 <LI><a href="#[b]">EXTI0_1_IRQHandler</a> from startup_stm32f0xx.o(.text) referenced from startup_stm32f0xx.o(RESET)
 <LI><a href="#[c]">EXTI2_3_IRQHandler</a> from startup_stm32f0xx.o(.text) referenced from startup_stm32f0xx.o(RESET)
 <LI><a href="#[d]">EXTI4_15_IRQHandler</a> from startup_stm32f0xx.o(.text) referenced from startup_stm32f0xx.o(RESET)
 <LI><a href="#[9]">FLASH_IRQHandler</a> from startup_stm32f0xx.o(.text) referenced from startup_stm32f0xx.o(RESET)
 <LI><a href="#[2]">HardFault_Handler</a> from stm32f0xx_it.o(i.HardFault_Handler) referenced from startup_stm32f0xx.o(RESET)
 <LI><a href="#[1c]">I2C1_IRQHandler</a> from startup_stm32f0xx.o(.text) referenced from startup_stm32f0xx.o(RESET)
 <LI><a href="#[1d]">I2C2_IRQHandler</a> from startup_stm32f0xx.o(.text) referenced from startup_stm32f0xx.o(RESET)
 <LI><a href="#[1]">NMI_Handler</a> from stm32f0xx_it.o(i.NMI_Handler) referenced from startup_stm32f0xx.o(RESET)
 <LI><a href="#[7]">PVD_IRQHandler</a> from startup_stm32f0xx.o(.text) referenced from startup_stm32f0xx.o(RESET)
 <LI><a href="#[4]">PendSV_Handler</a> from stm32f0xx_it.o(i.PendSV_Handler) referenced from startup_stm32f0xx.o(RESET)
 <LI><a href="#[a]">RCC_IRQHandler</a> from startup_stm32f0xx.o(.text) referenced from startup_stm32f0xx.o(RESET)
 <LI><a href="#[8]">RTC_IRQHandler</a> from startup_stm32f0xx.o(.text) referenced from startup_stm32f0xx.o(RESET)
 <LI><a href="#[0]">Reset_Handler</a> from startup_stm32f0xx.o(.text) referenced from startup_stm32f0xx.o(RESET)
 <LI><a href="#[1e]">SPI1_IRQHandler</a> from startup_stm32f0xx.o(.text) referenced from startup_stm32f0xx.o(RESET)
 <LI><a href="#[1f]">SPI2_IRQHandler</a> from startup_stm32f0xx.o(.text) referenced from startup_stm32f0xx.o(RESET)
 <LI><a href="#[3]">SVC_Handler</a> from stm32f0xx_it.o(i.SVC_Handler) referenced from startup_stm32f0xx.o(RESET)
 <LI><a href="#[5]">SysTick_Handler</a> from stm32f0xx_it.o(i.SysTick_Handler) referenced from startup_stm32f0xx.o(RESET)
 <LI><a href="#[24]">SystemInit</a> from system_stm32f0xx.o(i.SystemInit) referenced from startup_stm32f0xx.o(.text)
 <LI><a href="#[18]">TIM14_IRQHandler</a> from startup_stm32f0xx.o(.text) referenced from startup_stm32f0xx.o(RESET)
 <LI><a href="#[19]">TIM15_IRQHandler</a> from startup_stm32f0xx.o(.text) referenced from startup_stm32f0xx.o(RESET)
 <LI><a href="#[1a]">TIM16_IRQHandler</a> from startup_stm32f0xx.o(.text) referenced from startup_stm32f0xx.o(RESET)
 <LI><a href="#[1b]">TIM17_IRQHandler</a> from startup_stm32f0xx.o(.text) referenced from startup_stm32f0xx.o(RESET)
 <LI><a href="#[13]">TIM1_BRK_UP_TRG_COM_IRQHandler</a> from startup_stm32f0xx.o(.text) referenced from startup_stm32f0xx.o(RESET)
 <LI><a href="#[14]">TIM1_CC_IRQHandler</a> from startup_stm32f0xx.o(.text) referenced from startup_stm32f0xx.o(RESET)
 <LI><a href="#[15]">TIM2_IRQHandler</a> from startup_stm32f0xx.o(.text) referenced from startup_stm32f0xx.o(RESET)
 <LI><a href="#[16]">TIM3_IRQHandler</a> from startup_stm32f0xx.o(.text) referenced from startup_stm32f0xx.o(RESET)
 <LI><a href="#[17]">TIM6_DAC_IRQHandler</a> from startup_stm32f0xx.o(.text) referenced from startup_stm32f0xx.o(RESET)
 <LI><a href="#[e]">TS_IRQHandler</a> from startup_stm32f0xx.o(.text) referenced from startup_stm32f0xx.o(RESET)
 <LI><a href="#[20]">USART1_IRQHandler</a> from startup_stm32f0xx.o(.text) referenced from startup_stm32f0xx.o(RESET)
 <LI><a href="#[21]">USART2_IRQHandler</a> from startup_stm32f0xx.o(.text) referenced from startup_stm32f0xx.o(RESET)
 <LI><a href="#[6]">WWDG_IRQHandler</a> from startup_stm32f0xx.o(.text) referenced from startup_stm32f0xx.o(RESET)
 <LI><a href="#[25]">__main</a> from entry.o(.ARM.Collect$$$$00000000) referenced from startup_stm32f0xx.o(.text)
 <LI><a href="#[2c]">_chart_draw_cb</a> from we_widget_chart.o(i._chart_draw_cb) referenced from we_widget_chart.o(.constdata)
 <LI><a href="#[2b]">_label_draw_cb</a> from we_widget_label.o(i._label_draw_cb) referenced from we_widget_label.o(.constdata)
 <LI><a href="#[26]">_sputc</a> from printf6.o(i._sputc) referenced from printf6.o(i.__0sprintf$6)
 <LI><a href="#[28]">lcd_rgb565_port</a> from stm32f030_lcd_dma_4spi_port.o(i.lcd_rgb565_port) referenced from main.o(i.main)
 <LI><a href="#[23]">main</a> from main.o(i.main) referenced from entry9a.o(.ARM.Collect$$$$0000000B)
 <LI><a href="#[29]">st7789v3_set_addr</a> from st7789v3.o(i.st7789v3_set_addr) referenced from main.o(i.main)
 <LI><a href="#[2a]">we_chart_simple_demo_tick</a> from demo_chart.o(i.we_chart_simple_demo_tick) referenced from main.o(i.main)
 <LI><a href="#[27]">we_input_port_read</a> from main.o(i.we_input_port_read) referenced from main.o(i.main)
</UL>
<P>
<H3>
Global Symbols
</H3>
<P><STRONG><a name="[25]"></a>__main</STRONG> (Thumb, 0 bytes, Stack size unknown bytes, entry.o(.ARM.Collect$$$$00000000))
<BR>[Address Reference Count : 1]<UL><LI> startup_stm32f0xx.o(.text)
</UL>
<P><STRONG><a name="[9a]"></a>_main_stk</STRONG> (Thumb, 0 bytes, Stack size unknown bytes, entry2.o(.ARM.Collect$$$$00000001))

<P><STRONG><a name="[2d]"></a>_main_scatterload</STRONG> (Thumb, 0 bytes, Stack size unknown bytes, entry5.o(.ARM.Collect$$$$00000004))
<BR><BR>[Calls]<UL><LI><a href="#[2e]">&gt;&gt;</a>&nbsp;&nbsp;&nbsp;__scatterload
</UL>

<P><STRONG><a name="[33]"></a>__main_after_scatterload</STRONG> (Thumb, 0 bytes, Stack size unknown bytes, entry5.o(.ARM.Collect$$$$00000004))
<BR><BR>[Called By]<UL><LI><a href="#[2e]">&gt;&gt;</a>&nbsp;&nbsp;&nbsp;__scatterload
</UL>

<P><STRONG><a name="[9b]"></a>_main_clock</STRONG> (Thumb, 0 bytes, Stack size unknown bytes, entry7b.o(.ARM.Collect$$$$00000008))

<P><STRONG><a name="[9c]"></a>_main_cpp_init</STRONG> (Thumb, 0 bytes, Stack size unknown bytes, entry8b.o(.ARM.Collect$$$$0000000A))

<P><STRONG><a name="[9d]"></a>_main_init</STRONG> (Thumb, 0 bytes, Stack size unknown bytes, entry9a.o(.ARM.Collect$$$$0000000B))

<P><STRONG><a name="[2f]"></a>__rt_lib_shutdown_fini</STRONG> (Thumb, 0 bytes, Stack size unknown bytes, entry12b.o(.ARM.Collect$$$$0000000E))
<BR><BR>[Calls]<UL><LI><a href="#[30]">&gt;&gt;</a>&nbsp;&nbsp;&nbsp;__arm_fini_ (Weak Reference)
</UL>

<P><STRONG><a name="[9e]"></a>__rt_final_cpp</STRONG> (Thumb, 0 bytes, Stack size unknown bytes, entry10a.o(.ARM.Collect$$$$0000000F))

<P><STRONG><a name="[9f]"></a>__rt_final_exit</STRONG> (Thumb, 0 bytes, Stack size unknown bytes, entry11a.o(.ARM.Collect$$$$00000011))

<P><STRONG><a name="[0]"></a>Reset_Handler</STRONG> (Thumb, 38 bytes, Stack size 0 bytes, startup_stm32f0xx.o(.text))
<BR>[Address Reference Count : 1]<UL><LI> startup_stm32f0xx.o(RESET)
</UL>
<P><STRONG><a name="[12]"></a>ADC1_COMP_IRQHandler</STRONG> (Thumb, 0 bytes, Stack size 0 bytes, startup_stm32f0xx.o(.text))
<BR><BR>[Calls]<UL><LI><a href="#[12]">&gt;&gt;</a>&nbsp;&nbsp;&nbsp;ADC1_COMP_IRQHandler
</UL>
<BR>[Called By]<UL><LI><a href="#[12]">&gt;&gt;</a>&nbsp;&nbsp;&nbsp;ADC1_COMP_IRQHandler
</UL>
<BR>[Address Reference Count : 1]<UL><LI> startup_stm32f0xx.o(RESET)
</UL>
<P><STRONG><a name="[22]"></a>CEC_IRQHandler</STRONG> (Thumb, 0 bytes, Stack size 0 bytes, startup_stm32f0xx.o(.text))
<BR>[Address Reference Count : 1]<UL><LI> startup_stm32f0xx.o(RESET)
</UL>
<P><STRONG><a name="[f]"></a>DMA1_Channel1_IRQHandler</STRONG> (Thumb, 0 bytes, Stack size 0 bytes, startup_stm32f0xx.o(.text))
<BR>[Address Reference Count : 1]<UL><LI> startup_stm32f0xx.o(RESET)
</UL>
<P><STRONG><a name="[10]"></a>DMA1_Channel2_3_IRQHandler</STRONG> (Thumb, 0 bytes, Stack size 0 bytes, startup_stm32f0xx.o(.text))
<BR>[Address Reference Count : 1]<UL><LI> startup_stm32f0xx.o(RESET)
</UL>
<P><STRONG><a name="[b]"></a>EXTI0_1_IRQHandler</STRONG> (Thumb, 0 bytes, Stack size 0 bytes, startup_stm32f0xx.o(.text))
<BR>[Address Reference Count : 1]<UL><LI> startup_stm32f0xx.o(RESET)
</UL>
<P><STRONG><a name="[c]"></a>EXTI2_3_IRQHandler</STRONG> (Thumb, 0 bytes, Stack size 0 bytes, startup_stm32f0xx.o(.text))
<BR>[Address Reference Count : 1]<UL><LI> startup_stm32f0xx.o(RESET)
</UL>
<P><STRONG><a name="[d]"></a>EXTI4_15_IRQHandler</STRONG> (Thumb, 0 bytes, Stack size 0 bytes, startup_stm32f0xx.o(.text))
<BR>[Address Reference Count : 1]<UL><LI> startup_stm32f0xx.o(RESET)
</UL>
<P><STRONG><a name="[9]"></a>FLASH_IRQHandler</STRONG> (Thumb, 0 bytes, Stack size 0 bytes, startup_stm32f0xx.o(.text))
<BR>[Address Reference Count : 1]<UL><LI> startup_stm32f0xx.o(RESET)
</UL>
<P><STRONG><a name="[1c]"></a>I2C1_IRQHandler</STRONG> (Thumb, 0 bytes, Stack size 0 bytes, startup_stm32f0xx.o(.text))
<BR>[Address Reference Count : 1]<UL><LI> startup_stm32f0xx.o(RESET)
</UL>
<P><STRONG><a name="[1d]"></a>I2C2_IRQHandler</STRONG> (Thumb, 0 bytes, Stack size 0 bytes, startup_stm32f0xx.o(.text))
<BR>[Address Reference Count : 1]<UL><LI> startup_stm32f0xx.o(RESET)
</UL>
<P><STRONG><a name="[7]"></a>PVD_IRQHandler</STRONG> (Thumb, 0 bytes, Stack size 0 bytes, startup_stm32f0xx.o(.text))
<BR>[Address Reference Count : 1]<UL><LI> startup_stm32f0xx.o(RESET)
</UL>
<P><STRONG><a name="[a]"></a>RCC_IRQHandler</STRONG> (Thumb, 0 bytes, Stack size 0 bytes, startup_stm32f0xx.o(.text))
<BR>[Address Reference Count : 1]<UL><LI> startup_stm32f0xx.o(RESET)
</UL>
<P><STRONG><a name="[8]"></a>RTC_IRQHandler</STRONG> (Thumb, 0 bytes, Stack size 0 bytes, startup_stm32f0xx.o(.text))
<BR>[Address Reference Count : 1]<UL><LI> startup_stm32f0xx.o(RESET)
</UL>
<P><STRONG><a name="[1e]"></a>SPI1_IRQHandler</STRONG> (Thumb, 0 bytes, Stack size 0 bytes, startup_stm32f0xx.o(.text))
<BR>[Address Reference Count : 1]<UL><LI> startup_stm32f0xx.o(RESET)
</UL>
<P><STRONG><a name="[1f]"></a>SPI2_IRQHandler</STRONG> (Thumb, 0 bytes, Stack size 0 bytes, startup_stm32f0xx.o(.text))
<BR>[Address Reference Count : 1]<UL><LI> startup_stm32f0xx.o(RESET)
</UL>
<P><STRONG><a name="[18]"></a>TIM14_IRQHandler</STRONG> (Thumb, 0 bytes, Stack size 0 bytes, startup_stm32f0xx.o(.text))
<BR>[Address Reference Count : 1]<UL><LI> startup_stm32f0xx.o(RESET)
</UL>
<P><STRONG><a name="[19]"></a>TIM15_IRQHandler</STRONG> (Thumb, 0 bytes, Stack size 0 bytes, startup_stm32f0xx.o(.text))
<BR>[Address Reference Count : 1]<UL><LI> startup_stm32f0xx.o(RESET)
</UL>
<P><STRONG><a name="[1a]"></a>TIM16_IRQHandler</STRONG> (Thumb, 0 bytes, Stack size 0 bytes, startup_stm32f0xx.o(.text))
<BR>[Address Reference Count : 1]<UL><LI> startup_stm32f0xx.o(RESET)
</UL>
<P><STRONG><a name="[1b]"></a>TIM17_IRQHandler</STRONG> (Thumb, 0 bytes, Stack size 0 bytes, startup_stm32f0xx.o(.text))
<BR>[Address Reference Count : 1]<UL><LI> startup_stm32f0xx.o(RESET)
</UL>
<P><STRONG><a name="[13]"></a>TIM1_BRK_UP_TRG_COM_IRQHandler</STRONG> (Thumb, 0 bytes, Stack size 0 bytes, startup_stm32f0xx.o(.text))
<BR>[Address Reference Count : 1]<UL><LI> startup_stm32f0xx.o(RESET)
</UL>
<P><STRONG><a name="[14]"></a>TIM1_CC_IRQHandler</STRONG> (Thumb, 0 bytes, Stack size 0 bytes, startup_stm32f0xx.o(.text))
<BR>[Address Reference Count : 1]<UL><LI> startup_stm32f0xx.o(RESET)
</UL>
<P><STRONG><a name="[15]"></a>TIM2_IRQHandler</STRONG> (Thumb, 0 bytes, Stack size 0 bytes, startup_stm32f0xx.o(.text))
<BR>[Address Reference Count : 1]<UL><LI> startup_stm32f0xx.o(RESET)
</UL>
<P><STRONG><a name="[16]"></a>TIM3_IRQHandler</STRONG> (Thumb, 0 bytes, Stack size 0 bytes, startup_stm32f0xx.o(.text))
<BR>[Address Reference Count : 1]<UL><LI> startup_stm32f0xx.o(RESET)
</UL>
<P><STRONG><a name="[17]"></a>TIM6_DAC_IRQHandler</STRONG> (Thumb, 0 bytes, Stack size 0 bytes, startup_stm32f0xx.o(.text))
<BR>[Address Reference Count : 1]<UL><LI> startup_stm32f0xx.o(RESET)
</UL>
<P><STRONG><a name="[e]"></a>TS_IRQHandler</STRONG> (Thumb, 0 bytes, Stack size 0 bytes, startup_stm32f0xx.o(.text))
<BR>[Address Reference Count : 1]<UL><LI> startup_stm32f0xx.o(RESET)
</UL>
<P><STRONG><a name="[20]"></a>USART1_IRQHandler</STRONG> (Thumb, 0 bytes, Stack size 0 bytes, startup_stm32f0xx.o(.text))
<BR>[Address Reference Count : 1]<UL><LI> startup_stm32f0xx.o(RESET)
</UL>
<P><STRONG><a name="[21]"></a>USART2_IRQHandler</STRONG> (Thumb, 0 bytes, Stack size 0 bytes, startup_stm32f0xx.o(.text))
<BR>[Address Reference Count : 1]<UL><LI> startup_stm32f0xx.o(RESET)
</UL>
<P><STRONG><a name="[6]"></a>WWDG_IRQHandler</STRONG> (Thumb, 0 bytes, Stack size 0 bytes, startup_stm32f0xx.o(.text))
<BR>[Address Reference Count : 1]<UL><LI> startup_stm32f0xx.o(RESET)
</UL>
<P><STRONG><a name="[a0]"></a>__aeabi_uidiv</STRONG> (Thumb, 0 bytes, Stack size 12 bytes, uidiv.o(.text), UNUSED)

<P><STRONG><a name="[32]"></a>__aeabi_uidivmod</STRONG> (Thumb, 44 bytes, Stack size 12 bytes, uidiv.o(.text))
<BR><BR>[Stack]<UL><LI>Max Depth = 12<LI>Call Chain = __aeabi_uidivmod
</UL>
<BR>[Called By]<UL><LI><a href="#[3b]">&gt;&gt;</a>&nbsp;&nbsp;&nbsp;SystemCoreClockUpdate
<LI><a href="#[96]">&gt;&gt;</a>&nbsp;&nbsp;&nbsp;we_push_pfb
<LI><a href="#[4d]">&gt;&gt;</a>&nbsp;&nbsp;&nbsp;we_colour_blend
<LI><a href="#[74]">&gt;&gt;</a>&nbsp;&nbsp;&nbsp;system_init
<LI><a href="#[86]">&gt;&gt;</a>&nbsp;&nbsp;&nbsp;we_demo_update_fps
<LI><a href="#[81]">&gt;&gt;</a>&nbsp;&nbsp;&nbsp;we_chart_push
<LI><a href="#[44]">&gt;&gt;</a>&nbsp;&nbsp;&nbsp;we_colour_blend
<LI><a href="#[49]">&gt;&gt;</a>&nbsp;&nbsp;&nbsp;_chart_value_at_visible
<LI><a href="#[48]">&gt;&gt;</a>&nbsp;&nbsp;&nbsp;_chart_invalidate_push
<LI><a href="#[45]">&gt;&gt;</a>&nbsp;&nbsp;&nbsp;_chart_draw_wave_feather
<LI><a href="#[2c]">&gt;&gt;</a>&nbsp;&nbsp;&nbsp;_chart_draw_cb
<LI><a href="#[3d]">&gt;&gt;</a>&nbsp;&nbsp;&nbsp;_printf_core
<LI><a href="#[31]">&gt;&gt;</a>&nbsp;&nbsp;&nbsp;__aeabi_idivmod
</UL>

<P><STRONG><a name="[a1]"></a>__aeabi_idiv</STRONG> (Thumb, 0 bytes, Stack size 16 bytes, idiv.o(.text), UNUSED)

<P><STRONG><a name="[31]"></a>__aeabi_idivmod</STRONG> (Thumb, 40 bytes, Stack size 16 bytes, idiv.o(.text))
<BR><BR>[Stack]<UL><LI>Max Depth = 28<LI>Call Chain = __aeabi_idivmod &rArr; __aeabi_uidivmod
</UL>
<BR>[Calls]<UL><LI><a href="#[32]">&gt;&gt;</a>&nbsp;&nbsp;&nbsp;__aeabi_uidivmod
</UL>
<BR>[Called By]<UL><LI><a href="#[40]">&gt;&gt;</a>&nbsp;&nbsp;&nbsp;_chart_draw_grid
<LI><a href="#[57]">&gt;&gt;</a>&nbsp;&nbsp;&nbsp;_we_demo_scale
</UL>

<P><STRONG><a name="[59]"></a>__aeabi_memcpy</STRONG> (Thumb, 36 bytes, Stack size 0 bytes, memcpya.o(.text))
<BR><BR>[Called By]<UL><LI><a href="#[8c]">&gt;&gt;</a>&nbsp;&nbsp;&nbsp;we_dirty_get_next
<LI><a href="#[8a]">&gt;&gt;</a>&nbsp;&nbsp;&nbsp;we_dirty_add_rect
<LI><a href="#[58]">&gt;&gt;</a>&nbsp;&nbsp;&nbsp;get_union_rect
</UL>

<P><STRONG><a name="[a2]"></a>__aeabi_memcpy4</STRONG> (Thumb, 0 bytes, Stack size 0 bytes, memcpya.o(.text), UNUSED)

<P><STRONG><a name="[a3]"></a>__aeabi_memcpy8</STRONG> (Thumb, 0 bytes, Stack size 0 bytes, memcpya.o(.text), UNUSED)

<P><STRONG><a name="[2e]"></a>__scatterload</STRONG> (Thumb, 28 bytes, Stack size 0 bytes, init.o(.text))
<BR><BR>[Calls]<UL><LI><a href="#[33]">&gt;&gt;</a>&nbsp;&nbsp;&nbsp;__main_after_scatterload
</UL>
<BR>[Called By]<UL><LI><a href="#[2d]">&gt;&gt;</a>&nbsp;&nbsp;&nbsp;_main_scatterload
</UL>

<P><STRONG><a name="[a4]"></a>__scatterload_rt2</STRONG> (Thumb, 0 bytes, Stack size 0 bytes, init.o(.text), UNUSED)

<P><STRONG><a name="[11]"></a>DMA1_Channel4_5_IRQHandler</STRONG> (Thumb, 8 bytes, Stack size 8 bytes, stm32f0xx_it.o(i.DMA1_Channel4_5_IRQHandler))
<BR><BR>[Stack]<UL><LI>Max Depth = 16<LI>Call Chain = DMA1_Channel4_5_IRQHandler &rArr; lcd_dma_irq_handler
</UL>
<BR>[Calls]<UL><LI><a href="#[34]">&gt;&gt;</a>&nbsp;&nbsp;&nbsp;lcd_dma_irq_handler
</UL>
<BR>[Address Reference Count : 1]<UL><LI> startup_stm32f0xx.o(RESET)
</UL>
<P><STRONG><a name="[5f]"></a>DMA_ClearFlag</STRONG> (Thumb, 14 bytes, Stack size 0 bytes, stm32f0xx_dma.o(i.DMA_ClearFlag))
<BR><BR>[Called By]<UL><LI><a href="#[34]">&gt;&gt;</a>&nbsp;&nbsp;&nbsp;lcd_dma_irq_handler
<LI><a href="#[28]">&gt;&gt;</a>&nbsp;&nbsp;&nbsp;lcd_rgb565_port
<LI><a href="#[60]">&gt;&gt;</a>&nbsp;&nbsp;&nbsp;lcd_hw_init
</UL>

<P><STRONG><a name="[5e]"></a>DMA_ClearITPendingBit</STRONG> (Thumb, 14 bytes, Stack size 0 bytes, stm32f0xx_dma.o(i.DMA_ClearITPendingBit))
<BR><BR>[Called By]<UL><LI><a href="#[34]">&gt;&gt;</a>&nbsp;&nbsp;&nbsp;lcd_dma_irq_handler
<LI><a href="#[28]">&gt;&gt;</a>&nbsp;&nbsp;&nbsp;lcd_rgb565_port
<LI><a href="#[60]">&gt;&gt;</a>&nbsp;&nbsp;&nbsp;lcd_hw_init
</UL>

<P><STRONG><a name="[5d]"></a>DMA_Cmd</STRONG> (Thumb, 20 bytes, Stack size 0 bytes, stm32f0xx_dma.o(i.DMA_Cmd))
<BR><BR>[Called By]<UL><LI><a href="#[34]">&gt;&gt;</a>&nbsp;&nbsp;&nbsp;lcd_dma_irq_handler
<LI><a href="#[28]">&gt;&gt;</a>&nbsp;&nbsp;&nbsp;lcd_rgb565_port
</UL>

<P><STRONG><a name="[67]"></a>DMA_DeInit</STRONG> (Thumb, 178 bytes, Stack size 20 bytes, stm32f0xx_dma.o(i.DMA_DeInit))
<BR><BR>[Stack]<UL><LI>Max Depth = 20<LI>Call Chain = DMA_DeInit
</UL>
<BR>[Called By]<UL><LI><a href="#[60]">&gt;&gt;</a>&nbsp;&nbsp;&nbsp;lcd_hw_init
</UL>

<P><STRONG><a name="[5c]"></a>DMA_GetITStatus</STRONG> (Thumb, 24 bytes, Stack size 0 bytes, stm32f0xx_dma.o(i.DMA_GetITStatus))
<BR><BR>[Called By]<UL><LI><a href="#[34]">&gt;&gt;</a>&nbsp;&nbsp;&nbsp;lcd_dma_irq_handler
</UL>

<P><STRONG><a name="[6a]"></a>DMA_ITConfig</STRONG> (Thumb, 16 bytes, Stack size 0 bytes, stm32f0xx_dma.o(i.DMA_ITConfig))
<BR><BR>[Called By]<UL><LI><a href="#[60]">&gt;&gt;</a>&nbsp;&nbsp;&nbsp;lcd_hw_init
</UL>

<P><STRONG><a name="[68]"></a>DMA_Init</STRONG> (Thumb, 56 bytes, Stack size 12 bytes, stm32f0xx_dma.o(i.DMA_Init))
<BR><BR>[Stack]<UL><LI>Max Depth = 12<LI>Call Chain = DMA_Init
</UL>
<BR>[Called By]<UL><LI><a href="#[60]">&gt;&gt;</a>&nbsp;&nbsp;&nbsp;lcd_hw_init
</UL>

<P><STRONG><a name="[69]"></a>DMA_RemapConfig</STRONG> (Thumb, 30 bytes, Stack size 8 bytes, stm32f0xx_dma.o(i.DMA_RemapConfig))
<BR><BR>[Stack]<UL><LI>Max Depth = 8<LI>Call Chain = DMA_RemapConfig
</UL>
<BR>[Called By]<UL><LI><a href="#[60]">&gt;&gt;</a>&nbsp;&nbsp;&nbsp;lcd_hw_init
</UL>

<P><STRONG><a name="[7e]"></a>FLASH_PrefetchBufferCmd</STRONG> (Thumb, 20 bytes, Stack size 0 bytes, stm32f0xx_flash.o(i.FLASH_PrefetchBufferCmd))
<BR><BR>[Called By]<UL><LI><a href="#[74]">&gt;&gt;</a>&nbsp;&nbsp;&nbsp;system_init
</UL>

<P><STRONG><a name="[63]"></a>GPIO_Init</STRONG> (Thumb, 112 bytes, Stack size 20 bytes, stm32f0xx_gpio.o(i.GPIO_Init))
<BR><BR>[Stack]<UL><LI>Max Depth = 20<LI>Call Chain = GPIO_Init
</UL>
<BR>[Called By]<UL><LI><a href="#[60]">&gt;&gt;</a>&nbsp;&nbsp;&nbsp;lcd_hw_init
</UL>

<P><STRONG><a name="[64]"></a>GPIO_PinAFConfig</STRONG> (Thumb, 32 bytes, Stack size 8 bytes, stm32f0xx_gpio.o(i.GPIO_PinAFConfig))
<BR><BR>[Stack]<UL><LI>Max Depth = 8<LI>Call Chain = GPIO_PinAFConfig
</UL>
<BR>[Called By]<UL><LI><a href="#[60]">&gt;&gt;</a>&nbsp;&nbsp;&nbsp;lcd_hw_init
</UL>

<P><STRONG><a name="[5b]"></a>GPIO_SetBits</STRONG> (Thumb, 4 bytes, Stack size 0 bytes, stm32f0xx_gpio.o(i.GPIO_SetBits))
<BR><BR>[Called By]<UL><LI><a href="#[5a]">&gt;&gt;</a>&nbsp;&nbsp;&nbsp;lcd_bl_on
</UL>

<P><STRONG><a name="[2]"></a>HardFault_Handler</STRONG> (Thumb, 2 bytes, Stack size 0 bytes, stm32f0xx_it.o(i.HardFault_Handler))
<BR><BR>[Calls]<UL><LI><a href="#[2]">&gt;&gt;</a>&nbsp;&nbsp;&nbsp;HardFault_Handler
</UL>
<BR>[Called By]<UL><LI><a href="#[2]">&gt;&gt;</a>&nbsp;&nbsp;&nbsp;HardFault_Handler
</UL>
<BR>[Address Reference Count : 1]<UL><LI> startup_stm32f0xx.o(RESET)
</UL>
<P><STRONG><a name="[1]"></a>NMI_Handler</STRONG> (Thumb, 2 bytes, Stack size 0 bytes, stm32f0xx_it.o(i.NMI_Handler))
<BR>[Address Reference Count : 1]<UL><LI> startup_stm32f0xx.o(RESET)
</UL>
<P><STRONG><a name="[6c]"></a>NVIC_Init</STRONG> (Thumb, 70 bytes, Stack size 12 bytes, stm32f0xx_misc.o(i.NVIC_Init))
<BR><BR>[Stack]<UL><LI>Max Depth = 12<LI>Call Chain = NVIC_Init
</UL>
<BR>[Called By]<UL><LI><a href="#[60]">&gt;&gt;</a>&nbsp;&nbsp;&nbsp;lcd_hw_init
</UL>

<P><STRONG><a name="[4]"></a>PendSV_Handler</STRONG> (Thumb, 2 bytes, Stack size 0 bytes, stm32f0xx_it.o(i.PendSV_Handler))
<BR>[Address Reference Count : 1]<UL><LI> startup_stm32f0xx.o(RESET)
</UL>
<P><STRONG><a name="[62]"></a>RCC_AHBPeriphClockCmd</STRONG> (Thumb, 18 bytes, Stack size 0 bytes, stm32f0xx_rcc.o(i.RCC_AHBPeriphClockCmd))
<BR><BR>[Called By]<UL><LI><a href="#[60]">&gt;&gt;</a>&nbsp;&nbsp;&nbsp;lcd_hw_init
</UL>

<P><STRONG><a name="[61]"></a>RCC_APB1PeriphClockCmd</STRONG> (Thumb, 18 bytes, Stack size 0 bytes, stm32f0xx_rcc.o(i.RCC_APB1PeriphClockCmd))
<BR><BR>[Called By]<UL><LI><a href="#[60]">&gt;&gt;</a>&nbsp;&nbsp;&nbsp;lcd_hw_init
</UL>

<P><STRONG><a name="[37]"></a>RCC_APB1PeriphResetCmd</STRONG> (Thumb, 18 bytes, Stack size 0 bytes, stm32f0xx_rcc.o(i.RCC_APB1PeriphResetCmd))
<BR><BR>[Called By]<UL><LI><a href="#[35]">&gt;&gt;</a>&nbsp;&nbsp;&nbsp;SPI_I2S_DeInit
</UL>

<P><STRONG><a name="[36]"></a>RCC_APB2PeriphResetCmd</STRONG> (Thumb, 18 bytes, Stack size 0 bytes, stm32f0xx_rcc.o(i.RCC_APB2PeriphResetCmd))
<BR><BR>[Called By]<UL><LI><a href="#[35]">&gt;&gt;</a>&nbsp;&nbsp;&nbsp;SPI_I2S_DeInit
</UL>

<P><STRONG><a name="[39]"></a>RCC_PLLConfig</STRONG> (Thumb, 24 bytes, Stack size 8 bytes, stm32f0xx_rcc.o(i.RCC_PLLConfig))
<BR><BR>[Stack]<UL><LI>Max Depth = 8<LI>Call Chain = RCC_PLLConfig
</UL>
<BR>[Called By]<UL><LI><a href="#[38]">&gt;&gt;</a>&nbsp;&nbsp;&nbsp;SetSysClock
</UL>

<P><STRONG><a name="[3a]"></a>RCC_SYSCLKConfig</STRONG> (Thumb, 14 bytes, Stack size 0 bytes, stm32f0xx_rcc.o(i.RCC_SYSCLKConfig))
<BR><BR>[Called By]<UL><LI><a href="#[38]">&gt;&gt;</a>&nbsp;&nbsp;&nbsp;SetSysClock
</UL>

<P><STRONG><a name="[66]"></a>SPI_Cmd</STRONG> (Thumb, 18 bytes, Stack size 0 bytes, stm32f0xx_spi.o(i.SPI_Cmd))
<BR><BR>[Called By]<UL><LI><a href="#[60]">&gt;&gt;</a>&nbsp;&nbsp;&nbsp;lcd_hw_init
</UL>

<P><STRONG><a name="[6f]"></a>SPI_DataSizeConfig</STRONG> (Thumb, 12 bytes, Stack size 0 bytes, stm32f0xx_spi.o(i.SPI_DataSizeConfig))
<BR><BR>[Called By]<UL><LI><a href="#[71]">&gt;&gt;</a>&nbsp;&nbsp;&nbsp;spi_set_8b
<LI><a href="#[28]">&gt;&gt;</a>&nbsp;&nbsp;&nbsp;lcd_rgb565_port
</UL>

<P><STRONG><a name="[6b]"></a>SPI_I2S_DMACmd</STRONG> (Thumb, 16 bytes, Stack size 0 bytes, stm32f0xx_spi.o(i.SPI_I2S_DMACmd))
<BR><BR>[Called By]<UL><LI><a href="#[60]">&gt;&gt;</a>&nbsp;&nbsp;&nbsp;lcd_hw_init
</UL>

<P><STRONG><a name="[35]"></a>SPI_I2S_DeInit</STRONG> (Thumb, 54 bytes, Stack size 8 bytes, stm32f0xx_spi.o(i.SPI_I2S_DeInit))
<BR><BR>[Stack]<UL><LI>Max Depth = 8<LI>Call Chain = SPI_I2S_DeInit
</UL>
<BR>[Calls]<UL><LI><a href="#[37]">&gt;&gt;</a>&nbsp;&nbsp;&nbsp;RCC_APB1PeriphResetCmd
<LI><a href="#[36]">&gt;&gt;</a>&nbsp;&nbsp;&nbsp;RCC_APB2PeriphResetCmd
</UL>
<BR>[Called By]<UL><LI><a href="#[60]">&gt;&gt;</a>&nbsp;&nbsp;&nbsp;lcd_hw_init
</UL>

<P><STRONG><a name="[65]"></a>SPI_Init</STRONG> (Thumb, 74 bytes, Stack size 12 bytes, stm32f0xx_spi.o(i.SPI_Init))
<BR><BR>[Stack]<UL><LI>Max Depth = 12<LI>Call Chain = SPI_Init
</UL>
<BR>[Called By]<UL><LI><a href="#[60]">&gt;&gt;</a>&nbsp;&nbsp;&nbsp;lcd_hw_init
</UL>

<P><STRONG><a name="[3]"></a>SVC_Handler</STRONG> (Thumb, 2 bytes, Stack size 0 bytes, stm32f0xx_it.o(i.SVC_Handler))
<BR>[Address Reference Count : 1]<UL><LI> startup_stm32f0xx.o(RESET)
</UL>
<P><STRONG><a name="[5]"></a>SysTick_Handler</STRONG> (Thumb, 30 bytes, Stack size 0 bytes, stm32f0xx_it.o(i.SysTick_Handler))
<BR>[Address Reference Count : 1]<UL><LI> startup_stm32f0xx.o(RESET)
</UL>
<P><STRONG><a name="[3b]"></a>SystemCoreClockUpdate</STRONG> (Thumb, 90 bytes, Stack size 16 bytes, system_stm32f0xx.o(i.SystemCoreClockUpdate))
<BR><BR>[Stack]<UL><LI>Max Depth = 28<LI>Call Chain = SystemCoreClockUpdate &rArr; __aeabi_uidivmod
</UL>
<BR>[Calls]<UL><LI><a href="#[32]">&gt;&gt;</a>&nbsp;&nbsp;&nbsp;__aeabi_uidivmod
</UL>
<BR>[Called By]<UL><LI><a href="#[74]">&gt;&gt;</a>&nbsp;&nbsp;&nbsp;system_init
</UL>

<P><STRONG><a name="[24]"></a>SystemInit</STRONG> (Thumb, 84 bytes, Stack size 8 bytes, system_stm32f0xx.o(i.SystemInit))
<BR><BR>[Stack]<UL><LI>Max Depth = 40<LI>Call Chain = SystemInit &rArr; SetSysClock &rArr; RCC_PLLConfig
</UL>
<BR>[Calls]<UL><LI><a href="#[38]">&gt;&gt;</a>&nbsp;&nbsp;&nbsp;SetSysClock
</UL>
<BR>[Address Reference Count : 1]<UL><LI> startup_stm32f0xx.o(.text)
</UL>
<P><STRONG><a name="[3c]"></a>__0sprintf$6</STRONG> (Thumb, 36 bytes, Stack size 24 bytes, printf6.o(i.__0sprintf$6), UNUSED)
<BR><BR>[Calls]<UL><LI><a href="#[26]">&gt;&gt;</a>&nbsp;&nbsp;&nbsp;_sputc
<LI><a href="#[3d]">&gt;&gt;</a>&nbsp;&nbsp;&nbsp;_printf_core
</UL>

<P><STRONG><a name="[a5]"></a>__1sprintf$6</STRONG> (Thumb, 0 bytes, Stack size 24 bytes, printf6.o(i.__0sprintf$6), UNUSED)

<P><STRONG><a name="[88]"></a>__2sprintf</STRONG> (Thumb, 0 bytes, Stack size 24 bytes, printf6.o(i.__0sprintf$6))
<BR><BR>[Stack]<UL><LI>Max Depth = 24<LI>Call Chain = __2sprintf
</UL>
<BR>[Called By]<UL><LI><a href="#[86]">&gt;&gt;</a>&nbsp;&nbsp;&nbsp;we_demo_update_fps
</UL>

<P><STRONG><a name="[a6]"></a>__scatterload_copy</STRONG> (Thumb, 14 bytes, Stack size unknown bytes, handlers.o(i.__scatterload_copy), UNUSED)

<P><STRONG><a name="[a7]"></a>__scatterload_null</STRONG> (Thumb, 2 bytes, Stack size unknown bytes, handlers.o(i.__scatterload_null), UNUSED)

<P><STRONG><a name="[a8]"></a>__scatterload_zeroinit</STRONG> (Thumb, 14 bytes, Stack size unknown bytes, handlers.o(i.__scatterload_zeroinit), UNUSED)

<P><STRONG><a name="[75]"></a>delay_ms</STRONG> (Thumb, 12 bytes, Stack size 0 bytes, main.o(i.delay_ms))
<BR><BR>[Called By]<UL><LI><a href="#[23]">&gt;&gt;</a>&nbsp;&nbsp;&nbsp;main
</UL>

<P><STRONG><a name="[5a]"></a>lcd_bl_on</STRONG> (Thumb, 16 bytes, Stack size 8 bytes, stm32f030_lcd_dma_4spi_port.o(i.lcd_bl_on))
<BR><BR>[Stack]<UL><LI>Max Depth = 8<LI>Call Chain = lcd_bl_on
</UL>
<BR>[Calls]<UL><LI><a href="#[5b]">&gt;&gt;</a>&nbsp;&nbsp;&nbsp;GPIO_SetBits
</UL>
<BR>[Called By]<UL><LI><a href="#[60]">&gt;&gt;</a>&nbsp;&nbsp;&nbsp;lcd_hw_init
<LI><a href="#[23]">&gt;&gt;</a>&nbsp;&nbsp;&nbsp;main
</UL>

<P><STRONG><a name="[6d]"></a>lcd_delay_ms</STRONG> (Thumb, 28 bytes, Stack size 12 bytes, stm32f030_lcd_dma_4spi_port.o(i.lcd_delay_ms))
<BR><BR>[Stack]<UL><LI>Max Depth = 12<LI>Call Chain = lcd_delay_ms
</UL>
<BR>[Called By]<UL><LI><a href="#[6e]">&gt;&gt;</a>&nbsp;&nbsp;&nbsp;st7789v3_init
<LI><a href="#[60]">&gt;&gt;</a>&nbsp;&nbsp;&nbsp;lcd_hw_init
</UL>

<P><STRONG><a name="[34]"></a>lcd_dma_irq_handler</STRONG> (Thumb, 68 bytes, Stack size 8 bytes, stm32f030_lcd_dma_4spi_port.o(i.lcd_dma_irq_handler))
<BR><BR>[Stack]<UL><LI>Max Depth = 8<LI>Call Chain = lcd_dma_irq_handler
</UL>
<BR>[Calls]<UL><LI><a href="#[5c]">&gt;&gt;</a>&nbsp;&nbsp;&nbsp;DMA_GetITStatus
<LI><a href="#[5d]">&gt;&gt;</a>&nbsp;&nbsp;&nbsp;DMA_Cmd
<LI><a href="#[5e]">&gt;&gt;</a>&nbsp;&nbsp;&nbsp;DMA_ClearITPendingBit
<LI><a href="#[5f]">&gt;&gt;</a>&nbsp;&nbsp;&nbsp;DMA_ClearFlag
</UL>
<BR>[Called By]<UL><LI><a href="#[11]">&gt;&gt;</a>&nbsp;&nbsp;&nbsp;DMA1_Channel4_5_IRQHandler
</UL>

<P><STRONG><a name="[60]"></a>lcd_hw_init</STRONG> (Thumb, 460 bytes, Stack size 96 bytes, stm32f030_lcd_dma_4spi_port.o(i.lcd_hw_init))
<BR><BR>[Stack]<UL><LI>Max Depth = 136<LI>Call Chain = lcd_hw_init &rArr; st7789v3_init &rArr; lcd_send_1Dat &rArr; spi_set_8b
</UL>
<BR>[Calls]<UL><LI><a href="#[64]">&gt;&gt;</a>&nbsp;&nbsp;&nbsp;GPIO_PinAFConfig
<LI><a href="#[63]">&gt;&gt;</a>&nbsp;&nbsp;&nbsp;GPIO_Init
<LI><a href="#[69]">&gt;&gt;</a>&nbsp;&nbsp;&nbsp;DMA_RemapConfig
<LI><a href="#[68]">&gt;&gt;</a>&nbsp;&nbsp;&nbsp;DMA_Init
<LI><a href="#[6a]">&gt;&gt;</a>&nbsp;&nbsp;&nbsp;DMA_ITConfig
<LI><a href="#[67]">&gt;&gt;</a>&nbsp;&nbsp;&nbsp;DMA_DeInit
<LI><a href="#[5e]">&gt;&gt;</a>&nbsp;&nbsp;&nbsp;DMA_ClearITPendingBit
<LI><a href="#[5f]">&gt;&gt;</a>&nbsp;&nbsp;&nbsp;DMA_ClearFlag
<LI><a href="#[61]">&gt;&gt;</a>&nbsp;&nbsp;&nbsp;RCC_APB1PeriphClockCmd
<LI><a href="#[62]">&gt;&gt;</a>&nbsp;&nbsp;&nbsp;RCC_AHBPeriphClockCmd
<LI><a href="#[6c]">&gt;&gt;</a>&nbsp;&nbsp;&nbsp;NVIC_Init
<LI><a href="#[65]">&gt;&gt;</a>&nbsp;&nbsp;&nbsp;SPI_Init
<LI><a href="#[35]">&gt;&gt;</a>&nbsp;&nbsp;&nbsp;SPI_I2S_DeInit
<LI><a href="#[6b]">&gt;&gt;</a>&nbsp;&nbsp;&nbsp;SPI_I2S_DMACmd
<LI><a href="#[66]">&gt;&gt;</a>&nbsp;&nbsp;&nbsp;SPI_Cmd
<LI><a href="#[6e]">&gt;&gt;</a>&nbsp;&nbsp;&nbsp;st7789v3_init
<LI><a href="#[6d]">&gt;&gt;</a>&nbsp;&nbsp;&nbsp;lcd_delay_ms
<LI><a href="#[5a]">&gt;&gt;</a>&nbsp;&nbsp;&nbsp;lcd_bl_on
</UL>
<BR>[Called By]<UL><LI><a href="#[23]">&gt;&gt;</a>&nbsp;&nbsp;&nbsp;main
</UL>

<P><STRONG><a name="[28]"></a>lcd_rgb565_port</STRONG> (Thumb, 100 bytes, Stack size 24 bytes, stm32f030_lcd_dma_4spi_port.o(i.lcd_rgb565_port))
<BR><BR>[Stack]<UL><LI>Max Depth = 24<LI>Call Chain = lcd_rgb565_port
</UL>
<BR>[Calls]<UL><LI><a href="#[5d]">&gt;&gt;</a>&nbsp;&nbsp;&nbsp;DMA_Cmd
<LI><a href="#[5e]">&gt;&gt;</a>&nbsp;&nbsp;&nbsp;DMA_ClearITPendingBit
<LI><a href="#[5f]">&gt;&gt;</a>&nbsp;&nbsp;&nbsp;DMA_ClearFlag
<LI><a href="#[6f]">&gt;&gt;</a>&nbsp;&nbsp;&nbsp;SPI_DataSizeConfig
</UL>
<BR>[Address Reference Count : 1]<UL><LI> main.o(i.main)
</UL>
<P><STRONG><a name="[70]"></a>lcd_send_1Cmd</STRONG> (Thumb, 58 bytes, Stack size 16 bytes, stm32f030_lcd_dma_4spi_port.o(i.lcd_send_1Cmd))
<BR><BR>[Stack]<UL><LI>Max Depth = 24<LI>Call Chain = lcd_send_1Cmd &rArr; spi_set_8b
</UL>
<BR>[Calls]<UL><LI><a href="#[71]">&gt;&gt;</a>&nbsp;&nbsp;&nbsp;spi_set_8b
</UL>
<BR>[Called By]<UL><LI><a href="#[6e]">&gt;&gt;</a>&nbsp;&nbsp;&nbsp;st7789v3_init
</UL>

<P><STRONG><a name="[72]"></a>lcd_send_1Dat</STRONG> (Thumb, 58 bytes, Stack size 16 bytes, stm32f030_lcd_dma_4spi_port.o(i.lcd_send_1Dat))
<BR><BR>[Stack]<UL><LI>Max Depth = 24<LI>Call Chain = lcd_send_1Dat &rArr; spi_set_8b
</UL>
<BR>[Calls]<UL><LI><a href="#[71]">&gt;&gt;</a>&nbsp;&nbsp;&nbsp;spi_set_8b
</UL>
<BR>[Called By]<UL><LI><a href="#[6e]">&gt;&gt;</a>&nbsp;&nbsp;&nbsp;st7789v3_init
</UL>

<P><STRONG><a name="[73]"></a>lcd_send_nCmd</STRONG> (Thumb, 106 bytes, Stack size 16 bytes, stm32f030_lcd_dma_4spi_port.o(i.lcd_send_nCmd))
<BR><BR>[Stack]<UL><LI>Max Depth = 24<LI>Call Chain = lcd_send_nCmd &rArr; spi_set_8b
</UL>
<BR>[Calls]<UL><LI><a href="#[71]">&gt;&gt;</a>&nbsp;&nbsp;&nbsp;spi_set_8b
</UL>
<BR>[Called By]<UL><LI><a href="#[29]">&gt;&gt;</a>&nbsp;&nbsp;&nbsp;st7789v3_set_addr
</UL>

<P><STRONG><a name="[23]"></a>main</STRONG> (Thumb, 134 bytes, Stack size 24 bytes, main.o(i.main))
<BR><BR>[Stack]<UL><LI>Max Depth = 392<LI>Call Chain = main &rArr; we_chart_simple_demo_init &rArr; we_label_obj_init &rArr; we_obj_invalidate &rArr; we_obj_invalidate_area &rArr; we_dirty_invalidate &rArr; we_dirty_add_rect &rArr; rect_trim_one_side
</UL>
<BR>[Calls]<UL><LI><a href="#[78]">&gt;&gt;</a>&nbsp;&nbsp;&nbsp;we_gui_timer_create
<LI><a href="#[79]">&gt;&gt;</a>&nbsp;&nbsp;&nbsp;we_gui_tick_inc
<LI><a href="#[7a]">&gt;&gt;</a>&nbsp;&nbsp;&nbsp;we_gui_task_handler
<LI><a href="#[76]">&gt;&gt;</a>&nbsp;&nbsp;&nbsp;we_gui_init
<LI><a href="#[77]">&gt;&gt;</a>&nbsp;&nbsp;&nbsp;we_chart_simple_demo_init
<LI><a href="#[60]">&gt;&gt;</a>&nbsp;&nbsp;&nbsp;lcd_hw_init
<LI><a href="#[5a]">&gt;&gt;</a>&nbsp;&nbsp;&nbsp;lcd_bl_on
<LI><a href="#[75]">&gt;&gt;</a>&nbsp;&nbsp;&nbsp;delay_ms
<LI><a href="#[74]">&gt;&gt;</a>&nbsp;&nbsp;&nbsp;system_init
</UL>
<BR>[Address Reference Count : 1]<UL><LI> entry9a.o(.ARM.Collect$$$$0000000B)
</UL>
<P><STRONG><a name="[6e]"></a>st7789v3_init</STRONG> (Thumb, 452 bytes, Stack size 16 bytes, st7789v3.o(i.st7789v3_init))
<BR><BR>[Stack]<UL><LI>Max Depth = 40<LI>Call Chain = st7789v3_init &rArr; lcd_send_1Dat &rArr; spi_set_8b
</UL>
<BR>[Calls]<UL><LI><a href="#[72]">&gt;&gt;</a>&nbsp;&nbsp;&nbsp;lcd_send_1Dat
<LI><a href="#[70]">&gt;&gt;</a>&nbsp;&nbsp;&nbsp;lcd_send_1Cmd
<LI><a href="#[6d]">&gt;&gt;</a>&nbsp;&nbsp;&nbsp;lcd_delay_ms
</UL>
<BR>[Called By]<UL><LI><a href="#[60]">&gt;&gt;</a>&nbsp;&nbsp;&nbsp;lcd_hw_init
</UL>

<P><STRONG><a name="[29]"></a>st7789v3_set_addr</STRONG> (Thumb, 80 bytes, Stack size 32 bytes, st7789v3.o(i.st7789v3_set_addr))
<BR><BR>[Stack]<UL><LI>Max Depth = 56<LI>Call Chain = st7789v3_set_addr &rArr; lcd_send_nCmd &rArr; spi_set_8b
</UL>
<BR>[Calls]<UL><LI><a href="#[73]">&gt;&gt;</a>&nbsp;&nbsp;&nbsp;lcd_send_nCmd
</UL>
<BR>[Address Reference Count : 1]<UL><LI> main.o(i.main)
</UL>
<P><STRONG><a name="[7f]"></a>we_chart_clear</STRONG> (Thumb, 28 bytes, Stack size 8 bytes, we_widget_chart.o(i.we_chart_clear))
<BR><BR>[Stack]<UL><LI>Max Depth = 280<LI>Call Chain = we_chart_clear &rArr; _chart_invalidate_full &rArr; we_obj_invalidate &rArr; we_obj_invalidate_area &rArr; we_dirty_invalidate &rArr; we_dirty_add_rect &rArr; rect_trim_one_side
</UL>
<BR>[Calls]<UL><LI><a href="#[46]">&gt;&gt;</a>&nbsp;&nbsp;&nbsp;_chart_invalidate_full
</UL>
<BR>[Called By]<UL><LI><a href="#[2a]">&gt;&gt;</a>&nbsp;&nbsp;&nbsp;we_chart_simple_demo_tick
</UL>

<P><STRONG><a name="[80]"></a>we_chart_obj_init</STRONG> (Thumb, 110 bytes, Stack size 24 bytes, we_widget_chart.o(i.we_chart_obj_init))
<BR><BR>[Stack]<UL><LI>Max Depth = 288<LI>Call Chain = we_chart_obj_init &rArr; we_obj_invalidate &rArr; we_obj_invalidate_area &rArr; we_dirty_invalidate &rArr; we_dirty_add_rect &rArr; rect_trim_one_side
</UL>
<BR>[Calls]<UL><LI><a href="#[47]">&gt;&gt;</a>&nbsp;&nbsp;&nbsp;we_obj_invalidate
</UL>
<BR>[Called By]<UL><LI><a href="#[77]">&gt;&gt;</a>&nbsp;&nbsp;&nbsp;we_chart_simple_demo_init
</UL>

<P><STRONG><a name="[81]"></a>we_chart_push</STRONG> (Thumb, 54 bytes, Stack size 16 bytes, we_widget_chart.o(i.we_chart_push))
<BR><BR>[Stack]<UL><LI>Max Depth = 400<LI>Call Chain = we_chart_push &rArr; _chart_invalidate_push &rArr; we_obj_invalidate_area &rArr; we_dirty_invalidate &rArr; we_dirty_add_rect &rArr; rect_trim_one_side
</UL>
<BR>[Calls]<UL><LI><a href="#[48]">&gt;&gt;</a>&nbsp;&nbsp;&nbsp;_chart_invalidate_push
<LI><a href="#[32]">&gt;&gt;</a>&nbsp;&nbsp;&nbsp;__aeabi_uidivmod
</UL>
<BR>[Called By]<UL><LI><a href="#[2a]">&gt;&gt;</a>&nbsp;&nbsp;&nbsp;we_chart_simple_demo_tick
</UL>

<P><STRONG><a name="[77]"></a>we_chart_simple_demo_init</STRONG> (Thumb, 266 bytes, Stack size 56 bytes, demo_chart.o(i.we_chart_simple_demo_init))
<BR><BR>[Stack]<UL><LI>Max Depth = 368<LI>Call Chain = we_chart_simple_demo_init &rArr; we_label_obj_init &rArr; we_obj_invalidate &rArr; we_obj_invalidate_area &rArr; we_dirty_invalidate &rArr; we_dirty_add_rect &rArr; rect_trim_one_side
</UL>
<BR>[Calls]<UL><LI><a href="#[83]">&gt;&gt;</a>&nbsp;&nbsp;&nbsp;we_label_obj_init
<LI><a href="#[82]">&gt;&gt;</a>&nbsp;&nbsp;&nbsp;we_rgb888_to_dev
<LI><a href="#[84]">&gt;&gt;</a>&nbsp;&nbsp;&nbsp;we_demo_fps_x
<LI><a href="#[80]">&gt;&gt;</a>&nbsp;&nbsp;&nbsp;we_chart_obj_init
</UL>
<BR>[Called By]<UL><LI><a href="#[23]">&gt;&gt;</a>&nbsp;&nbsp;&nbsp;main
</UL>

<P><STRONG><a name="[2a]"></a>we_chart_simple_demo_tick</STRONG> (Thumb, 102 bytes, Stack size 24 bytes, demo_chart.o(i.we_chart_simple_demo_tick))
<BR><BR>[Stack]<UL><LI>Max Depth = 424<LI>Call Chain = we_chart_simple_demo_tick &rArr; we_chart_push &rArr; _chart_invalidate_push &rArr; we_obj_invalidate_area &rArr; we_dirty_invalidate &rArr; we_dirty_add_rect &rArr; rect_trim_one_side
</UL>
<BR>[Calls]<UL><LI><a href="#[85]">&gt;&gt;</a>&nbsp;&nbsp;&nbsp;we_label_set_text
<LI><a href="#[55]">&gt;&gt;</a>&nbsp;&nbsp;&nbsp;_sample_next
<LI><a href="#[86]">&gt;&gt;</a>&nbsp;&nbsp;&nbsp;we_demo_update_fps
<LI><a href="#[81]">&gt;&gt;</a>&nbsp;&nbsp;&nbsp;we_chart_push
<LI><a href="#[7f]">&gt;&gt;</a>&nbsp;&nbsp;&nbsp;we_chart_clear
</UL>
<BR>[Address Reference Count : 1]<UL><LI> main.o(i.main)
</UL>
<P><STRONG><a name="[84]"></a>we_demo_fps_x</STRONG> (Thumb, 44 bytes, Stack size 16 bytes, demo_common.o(i.we_demo_fps_x))
<BR><BR>[Stack]<UL><LI>Max Depth = 80<LI>Call Chain = we_demo_fps_x &rArr; we_get_text_width &rArr; we_font_get_glyph_info &rArr; _we_font_get_glyph_info_internal
</UL>
<BR>[Calls]<UL><LI><a href="#[51]">&gt;&gt;</a>&nbsp;&nbsp;&nbsp;we_get_text_width
<LI><a href="#[87]">&gt;&gt;</a>&nbsp;&nbsp;&nbsp;we_demo_scale_x
</UL>
<BR>[Called By]<UL><LI><a href="#[77]">&gt;&gt;</a>&nbsp;&nbsp;&nbsp;we_chart_simple_demo_init
<LI><a href="#[86]">&gt;&gt;</a>&nbsp;&nbsp;&nbsp;we_demo_update_fps
</UL>

<P><STRONG><a name="[87]"></a>we_demo_scale_x</STRONG> (Thumb, 18 bytes, Stack size 8 bytes, demo_common.o(i.we_demo_scale_x))
<BR><BR>[Stack]<UL><LI>Max Depth = 44<LI>Call Chain = we_demo_scale_x &rArr; _we_demo_scale &rArr; __aeabi_idivmod &rArr; __aeabi_uidivmod
</UL>
<BR>[Calls]<UL><LI><a href="#[57]">&gt;&gt;</a>&nbsp;&nbsp;&nbsp;_we_demo_scale
</UL>
<BR>[Called By]<UL><LI><a href="#[84]">&gt;&gt;</a>&nbsp;&nbsp;&nbsp;we_demo_fps_x
</UL>

<P><STRONG><a name="[86]"></a>we_demo_update_fps</STRONG> (Thumb, 118 bytes, Stack size 24 bytes, demo_common.o(i.we_demo_update_fps))
<BR><BR>[Stack]<UL><LI>Max Depth = 336<LI>Call Chain = we_demo_update_fps &rArr; we_label_set_text &rArr; _label_invalidate_text_bbox &rArr; we_obj_invalidate_area &rArr; we_dirty_invalidate &rArr; we_dirty_add_rect &rArr; rect_trim_one_side
</UL>
<BR>[Calls]<UL><LI><a href="#[89]">&gt;&gt;</a>&nbsp;&nbsp;&nbsp;we_obj_set_pos
<LI><a href="#[85]">&gt;&gt;</a>&nbsp;&nbsp;&nbsp;we_label_set_text
<LI><a href="#[84]">&gt;&gt;</a>&nbsp;&nbsp;&nbsp;we_demo_fps_x
<LI><a href="#[88]">&gt;&gt;</a>&nbsp;&nbsp;&nbsp;__2sprintf
<LI><a href="#[32]">&gt;&gt;</a>&nbsp;&nbsp;&nbsp;__aeabi_uidivmod
</UL>
<BR>[Called By]<UL><LI><a href="#[2a]">&gt;&gt;</a>&nbsp;&nbsp;&nbsp;we_chart_simple_demo_tick
</UL>

<P><STRONG><a name="[97]"></a>we_dirty_clear</STRONG> (Thumb, 8 bytes, Stack size 0 bytes, dirty_driver.o(i.we_dirty_clear))
<BR><BR>[Called By]<UL><LI><a href="#[7a]">&gt;&gt;</a>&nbsp;&nbsp;&nbsp;we_gui_task_handler
</UL>

<P><STRONG><a name="[8c]"></a>we_dirty_get_next</STRONG> (Thumb, 42 bytes, Stack size 8 bytes, dirty_driver.o(i.we_dirty_get_next))
<BR><BR>[Stack]<UL><LI>Max Depth = 8<LI>Call Chain = we_dirty_get_next
</UL>
<BR>[Calls]<UL><LI><a href="#[59]">&gt;&gt;</a>&nbsp;&nbsp;&nbsp;__aeabi_memcpy
</UL>
<BR>[Called By]<UL><LI><a href="#[7a]">&gt;&gt;</a>&nbsp;&nbsp;&nbsp;we_gui_task_handler
</UL>

<P><STRONG><a name="[98]"></a>we_dirty_init</STRONG> (Thumb, 8 bytes, Stack size 0 bytes, dirty_driver.o(i.we_dirty_init))
<BR><BR>[Called By]<UL><LI><a href="#[92]">&gt;&gt;</a>&nbsp;&nbsp;&nbsp;we_lcd_init_with_port
</UL>

<P><STRONG><a name="[8d]"></a>we_dirty_invalidate</STRONG> (Thumb, 108 bytes, Stack size 32 bytes, dirty_driver.o(i.we_dirty_invalidate))
<BR><BR>[Stack]<UL><LI>Max Depth = 232<LI>Call Chain = we_dirty_invalidate &rArr; we_dirty_add_rect &rArr; rect_trim_one_side
</UL>
<BR>[Calls]<UL><LI><a href="#[8a]">&gt;&gt;</a>&nbsp;&nbsp;&nbsp;we_dirty_add_rect
</UL>
<BR>[Called By]<UL><LI><a href="#[92]">&gt;&gt;</a>&nbsp;&nbsp;&nbsp;we_lcd_init_with_port
<LI><a href="#[4a]">&gt;&gt;</a>&nbsp;&nbsp;&nbsp;we_obj_invalidate_area
</UL>

<P><STRONG><a name="[4e]"></a>we_draw_string</STRONG> (Thumb, 352 bytes, Stack size 104 bytes, we_font_text.o(i.we_draw_string))
<BR><BR>[Stack]<UL><LI>Max Depth = 260<LI>Call Chain = we_draw_string &rArr; _draw_alpha_mask_row_aligned &rArr; we_colour_blend &rArr; __aeabi_uidivmod
</UL>
<BR>[Calls]<UL><LI><a href="#[8f]">&gt;&gt;</a>&nbsp;&nbsp;&nbsp;we_font_get_glyph_info
<LI><a href="#[90]">&gt;&gt;</a>&nbsp;&nbsp;&nbsp;we_font_get_bitmap_info
<LI><a href="#[8e]">&gt;&gt;</a>&nbsp;&nbsp;&nbsp;_we_font_get_line_height_impl
<LI><a href="#[4c]">&gt;&gt;</a>&nbsp;&nbsp;&nbsp;_draw_alpha_mask_row_aligned
</UL>
<BR>[Called By]<UL><LI><a href="#[2b]">&gt;&gt;</a>&nbsp;&nbsp;&nbsp;_label_draw_cb
</UL>

<P><STRONG><a name="[99]"></a>we_fill_gram</STRONG> (Thumb, 70 bytes, Stack size 16 bytes, we_gui_driver.o(i.we_fill_gram))
<BR><BR>[Stack]<UL><LI>Max Depth = 16<LI>Call Chain = we_fill_gram
</UL>
<BR>[Called By]<UL><LI><a href="#[96]">&gt;&gt;</a>&nbsp;&nbsp;&nbsp;we_push_pfb
</UL>

<P><STRONG><a name="[90]"></a>we_font_get_bitmap_info</STRONG> (Thumb, 62 bytes, Stack size 16 bytes, we_font_text.o(i.we_font_get_bitmap_info))
<BR><BR>[Stack]<UL><LI>Max Depth = 16<LI>Call Chain = we_font_get_bitmap_info
</UL>
<BR>[Called By]<UL><LI><a href="#[4e]">&gt;&gt;</a>&nbsp;&nbsp;&nbsp;we_draw_string
</UL>

<P><STRONG><a name="[8f]"></a>we_font_get_glyph_info</STRONG> (Thumb, 20 bytes, Stack size 8 bytes, we_font_text.o(i.we_font_get_glyph_info))
<BR><BR>[Stack]<UL><LI>Max Depth = 32<LI>Call Chain = we_font_get_glyph_info &rArr; _we_font_get_glyph_info_internal
</UL>
<BR>[Calls]<UL><LI><a href="#[91]">&gt;&gt;</a>&nbsp;&nbsp;&nbsp;_we_font_get_glyph_info_internal
</UL>
<BR>[Called By]<UL><LI><a href="#[51]">&gt;&gt;</a>&nbsp;&nbsp;&nbsp;we_get_text_width
<LI><a href="#[4e]">&gt;&gt;</a>&nbsp;&nbsp;&nbsp;we_draw_string
</UL>

<P><STRONG><a name="[50]"></a>we_font_get_line_height</STRONG> (Thumb, 8 bytes, Stack size 8 bytes, we_font_text.o(i.we_font_get_line_height))
<BR><BR>[Stack]<UL><LI>Max Depth = 8<LI>Call Chain = we_font_get_line_height
</UL>
<BR>[Calls]<UL><LI><a href="#[8e]">&gt;&gt;</a>&nbsp;&nbsp;&nbsp;_we_font_get_line_height_impl
</UL>
<BR>[Called By]<UL><LI><a href="#[4f]">&gt;&gt;</a>&nbsp;&nbsp;&nbsp;_label_get_text_bbox
</UL>

<P><STRONG><a name="[51]"></a>we_get_text_width</STRONG> (Thumb, 134 bytes, Stack size 32 bytes, we_font_text.o(i.we_get_text_width))
<BR><BR>[Stack]<UL><LI>Max Depth = 64<LI>Call Chain = we_get_text_width &rArr; we_font_get_glyph_info &rArr; _we_font_get_glyph_info_internal
</UL>
<BR>[Calls]<UL><LI><a href="#[8f]">&gt;&gt;</a>&nbsp;&nbsp;&nbsp;we_font_get_glyph_info
</UL>
<BR>[Called By]<UL><LI><a href="#[4f]">&gt;&gt;</a>&nbsp;&nbsp;&nbsp;_label_get_text_bbox
<LI><a href="#[84]">&gt;&gt;</a>&nbsp;&nbsp;&nbsp;we_demo_fps_x
</UL>

<P><STRONG><a name="[94]"></a>we_gui_indev_handler</STRONG> (Thumb, 290 bytes, Stack size 24 bytes, we_gui_driver.o(i.we_gui_indev_handler))
<BR><BR>[Stack]<UL><LI>Max Depth = 24<LI>Call Chain = we_gui_indev_handler
</UL>
<BR>[Called By]<UL><LI><a href="#[7a]">&gt;&gt;</a>&nbsp;&nbsp;&nbsp;we_gui_task_handler
</UL>

<P><STRONG><a name="[76]"></a>we_gui_init</STRONG> (Thumb, 42 bytes, Stack size 32 bytes, we_gui_driver.o(i.we_gui_init))
<BR><BR>[Stack]<UL><LI>Max Depth = 304<LI>Call Chain = we_gui_init &rArr; we_lcd_init_with_port &rArr; we_dirty_invalidate &rArr; we_dirty_add_rect &rArr; rect_trim_one_side
</UL>
<BR>[Calls]<UL><LI><a href="#[92]">&gt;&gt;</a>&nbsp;&nbsp;&nbsp;we_lcd_init_with_port
<LI><a href="#[93]">&gt;&gt;</a>&nbsp;&nbsp;&nbsp;we_input_init_with_port
</UL>
<BR>[Called By]<UL><LI><a href="#[23]">&gt;&gt;</a>&nbsp;&nbsp;&nbsp;main
</UL>

<P><STRONG><a name="[7a]"></a>we_gui_task_handler</STRONG> (Thumb, 178 bytes, Stack size 40 bytes, we_gui_driver.o(i.we_gui_task_handler))
<BR><BR>[Stack]<UL><LI>Max Depth = 96<LI>Call Chain = we_gui_task_handler &rArr; we_push_pfb &rArr; we_fill_gram
</UL>
<BR>[Calls]<UL><LI><a href="#[96]">&gt;&gt;</a>&nbsp;&nbsp;&nbsp;we_push_pfb
<LI><a href="#[94]">&gt;&gt;</a>&nbsp;&nbsp;&nbsp;we_gui_indev_handler
<LI><a href="#[95]">&gt;&gt;</a>&nbsp;&nbsp;&nbsp;_we_gui_run_timers
<LI><a href="#[8c]">&gt;&gt;</a>&nbsp;&nbsp;&nbsp;we_dirty_get_next
<LI><a href="#[97]">&gt;&gt;</a>&nbsp;&nbsp;&nbsp;we_dirty_clear
</UL>
<BR>[Called By]<UL><LI><a href="#[23]">&gt;&gt;</a>&nbsp;&nbsp;&nbsp;main
</UL>

<P><STRONG><a name="[79]"></a>we_gui_tick_inc</STRONG> (Thumb, 26 bytes, Stack size 0 bytes, we_gui_driver.o(i.we_gui_tick_inc))
<BR><BR>[Called By]<UL><LI><a href="#[23]">&gt;&gt;</a>&nbsp;&nbsp;&nbsp;main
</UL>

<P><STRONG><a name="[78]"></a>we_gui_timer_create</STRONG> (Thumb, 96 bytes, Stack size 20 bytes, we_gui_driver.o(i.we_gui_timer_create))
<BR><BR>[Stack]<UL><LI>Max Depth = 20<LI>Call Chain = we_gui_timer_create
</UL>
<BR>[Called By]<UL><LI><a href="#[23]">&gt;&gt;</a>&nbsp;&nbsp;&nbsp;main
</UL>

<P><STRONG><a name="[93]"></a>we_input_init_with_port</STRONG> (Thumb, 20 bytes, Stack size 0 bytes, we_gui_driver.o(i.we_input_init_with_port))
<BR><BR>[Called By]<UL><LI><a href="#[76]">&gt;&gt;</a>&nbsp;&nbsp;&nbsp;we_gui_init
</UL>

<P><STRONG><a name="[83]"></a>we_label_obj_init</STRONG> (Thumb, 126 bytes, Stack size 48 bytes, we_widget_label.o(i.we_label_obj_init))
<BR><BR>[Stack]<UL><LI>Max Depth = 312<LI>Call Chain = we_label_obj_init &rArr; we_obj_invalidate &rArr; we_obj_invalidate_area &rArr; we_dirty_invalidate &rArr; we_dirty_add_rect &rArr; rect_trim_one_side
</UL>
<BR>[Calls]<UL><LI><a href="#[47]">&gt;&gt;</a>&nbsp;&nbsp;&nbsp;we_obj_invalidate
<LI><a href="#[4f]">&gt;&gt;</a>&nbsp;&nbsp;&nbsp;_label_get_text_bbox
</UL>
<BR>[Called By]<UL><LI><a href="#[77]">&gt;&gt;</a>&nbsp;&nbsp;&nbsp;we_chart_simple_demo_init
</UL>

<P><STRONG><a name="[85]"></a>we_label_set_text</STRONG> (Thumb, 98 bytes, Stack size 32 bytes, we_widget_label.o(i.we_label_set_text))
<BR><BR>[Stack]<UL><LI>Max Depth = 312<LI>Call Chain = we_label_set_text &rArr; _label_invalidate_text_bbox &rArr; we_obj_invalidate_area &rArr; we_dirty_invalidate &rArr; we_dirty_add_rect &rArr; rect_trim_one_side
</UL>
<BR>[Calls]<UL><LI><a href="#[4a]">&gt;&gt;</a>&nbsp;&nbsp;&nbsp;we_obj_invalidate_area
<LI><a href="#[52]">&gt;&gt;</a>&nbsp;&nbsp;&nbsp;_label_invalidate_text_bbox
<LI><a href="#[4f]">&gt;&gt;</a>&nbsp;&nbsp;&nbsp;_label_get_text_bbox
</UL>
<BR>[Called By]<UL><LI><a href="#[2a]">&gt;&gt;</a>&nbsp;&nbsp;&nbsp;we_chart_simple_demo_tick
<LI><a href="#[86]">&gt;&gt;</a>&nbsp;&nbsp;&nbsp;we_demo_update_fps
</UL>

<P><STRONG><a name="[92]"></a>we_lcd_init_with_port</STRONG> (Thumb, 188 bytes, Stack size 40 bytes, we_gui_driver.o(i.we_lcd_init_with_port))
<BR><BR>[Stack]<UL><LI>Max Depth = 272<LI>Call Chain = we_lcd_init_with_port &rArr; we_dirty_invalidate &rArr; we_dirty_add_rect &rArr; rect_trim_one_side
</UL>
<BR>[Calls]<UL><LI><a href="#[8d]">&gt;&gt;</a>&nbsp;&nbsp;&nbsp;we_dirty_invalidate
<LI><a href="#[98]">&gt;&gt;</a>&nbsp;&nbsp;&nbsp;we_dirty_init
</UL>
<BR>[Called By]<UL><LI><a href="#[76]">&gt;&gt;</a>&nbsp;&nbsp;&nbsp;we_gui_init
</UL>

<P><STRONG><a name="[47]"></a>we_obj_invalidate</STRONG> (Thumb, 30 bytes, Stack size 8 bytes, we_gui_driver.o(i.we_obj_invalidate))
<BR><BR>[Stack]<UL><LI>Max Depth = 264<LI>Call Chain = we_obj_invalidate &rArr; we_obj_invalidate_area &rArr; we_dirty_invalidate &rArr; we_dirty_add_rect &rArr; rect_trim_one_side
</UL>
<BR>[Calls]<UL><LI><a href="#[4a]">&gt;&gt;</a>&nbsp;&nbsp;&nbsp;we_obj_invalidate_area
</UL>
<BR>[Called By]<UL><LI><a href="#[89]">&gt;&gt;</a>&nbsp;&nbsp;&nbsp;we_obj_set_pos
<LI><a href="#[83]">&gt;&gt;</a>&nbsp;&nbsp;&nbsp;we_label_obj_init
<LI><a href="#[80]">&gt;&gt;</a>&nbsp;&nbsp;&nbsp;we_chart_obj_init
<LI><a href="#[46]">&gt;&gt;</a>&nbsp;&nbsp;&nbsp;_chart_invalidate_full
</UL>

<P><STRONG><a name="[4a]"></a>we_obj_invalidate_area</STRONG> (Thumb, 122 bytes, Stack size 24 bytes, we_gui_driver.o(i.we_obj_invalidate_area))
<BR><BR>[Stack]<UL><LI>Max Depth = 256<LI>Call Chain = we_obj_invalidate_area &rArr; we_dirty_invalidate &rArr; we_dirty_add_rect &rArr; rect_trim_one_side
</UL>
<BR>[Calls]<UL><LI><a href="#[8d]">&gt;&gt;</a>&nbsp;&nbsp;&nbsp;we_dirty_invalidate
</UL>
<BR>[Called By]<UL><LI><a href="#[47]">&gt;&gt;</a>&nbsp;&nbsp;&nbsp;we_obj_invalidate
<LI><a href="#[85]">&gt;&gt;</a>&nbsp;&nbsp;&nbsp;we_label_set_text
<LI><a href="#[52]">&gt;&gt;</a>&nbsp;&nbsp;&nbsp;_label_invalidate_text_bbox
<LI><a href="#[48]">&gt;&gt;</a>&nbsp;&nbsp;&nbsp;_chart_invalidate_push
</UL>

<P><STRONG><a name="[89]"></a>we_obj_set_pos</STRONG> (Thumb, 50 bytes, Stack size 16 bytes, we_gui_driver.o(i.we_obj_set_pos))
<BR><BR>[Stack]<UL><LI>Max Depth = 280<LI>Call Chain = we_obj_set_pos &rArr; we_obj_invalidate &rArr; we_obj_invalidate_area &rArr; we_dirty_invalidate &rArr; we_dirty_add_rect &rArr; rect_trim_one_side
</UL>
<BR>[Calls]<UL><LI><a href="#[47]">&gt;&gt;</a>&nbsp;&nbsp;&nbsp;we_obj_invalidate
</UL>
<BR>[Called By]<UL><LI><a href="#[86]">&gt;&gt;</a>&nbsp;&nbsp;&nbsp;we_demo_update_fps
</UL>

<P><STRONG><a name="[96]"></a>we_push_pfb</STRONG> (Thumb, 348 bytes, Stack size 40 bytes, we_gui_driver.o(i.we_push_pfb))
<BR><BR>[Stack]<UL><LI>Max Depth = 56<LI>Call Chain = we_push_pfb &rArr; we_fill_gram
</UL>
<BR>[Calls]<UL><LI><a href="#[99]">&gt;&gt;</a>&nbsp;&nbsp;&nbsp;we_fill_gram
<LI><a href="#[32]">&gt;&gt;</a>&nbsp;&nbsp;&nbsp;__aeabi_uidivmod
</UL>
<BR>[Called By]<UL><LI><a href="#[7a]">&gt;&gt;</a>&nbsp;&nbsp;&nbsp;we_gui_task_handler
</UL>

<P><STRONG><a name="[56]"></a>we_sin</STRONG> (Thumb, 70 bytes, Stack size 0 bytes, we_gui_driver.o(i.we_sin))
<BR><BR>[Called By]<UL><LI><a href="#[55]">&gt;&gt;</a>&nbsp;&nbsp;&nbsp;_sample_next
</UL>
<P>
<H3>
Local Symbols
</H3>
<P><STRONG><a name="[38]"></a>SetSysClock</STRONG> (Thumb, 190 bytes, Stack size 24 bytes, system_stm32f0xx.o(i.SetSysClock))
<BR><BR>[Stack]<UL><LI>Max Depth = 32<LI>Call Chain = SetSysClock &rArr; RCC_PLLConfig
</UL>
<BR>[Calls]<UL><LI><a href="#[3a]">&gt;&gt;</a>&nbsp;&nbsp;&nbsp;RCC_SYSCLKConfig
<LI><a href="#[39]">&gt;&gt;</a>&nbsp;&nbsp;&nbsp;RCC_PLLConfig
</UL>
<BR>[Called By]<UL><LI><a href="#[24]">&gt;&gt;</a>&nbsp;&nbsp;&nbsp;SystemInit
</UL>

<P><STRONG><a name="[74]"></a>system_init</STRONG> (Thumb, 64 bytes, Stack size 16 bytes, main.o(i.system_init))
<BR><BR>[Stack]<UL><LI>Max Depth = 44<LI>Call Chain = system_init &rArr; SystemCoreClockUpdate &rArr; __aeabi_uidivmod
</UL>
<BR>[Calls]<UL><LI><a href="#[3b]">&gt;&gt;</a>&nbsp;&nbsp;&nbsp;SystemCoreClockUpdate
<LI><a href="#[7e]">&gt;&gt;</a>&nbsp;&nbsp;&nbsp;FLASH_PrefetchBufferCmd
<LI><a href="#[32]">&gt;&gt;</a>&nbsp;&nbsp;&nbsp;__aeabi_uidivmod
</UL>
<BR>[Called By]<UL><LI><a href="#[23]">&gt;&gt;</a>&nbsp;&nbsp;&nbsp;main
</UL>

<P><STRONG><a name="[27]"></a>we_input_port_read</STRONG> (Thumb, 14 bytes, Stack size 0 bytes, main.o(i.we_input_port_read))
<BR>[Address Reference Count : 1]<UL><LI> main.o(i.main)
</UL>
<P><STRONG><a name="[71]"></a>spi_set_8b</STRONG> (Thumb, 14 bytes, Stack size 8 bytes, stm32f030_lcd_dma_4spi_port.o(i.spi_set_8b))
<BR><BR>[Stack]<UL><LI>Max Depth = 8<LI>Call Chain = spi_set_8b
</UL>
<BR>[Calls]<UL><LI><a href="#[6f]">&gt;&gt;</a>&nbsp;&nbsp;&nbsp;SPI_DataSizeConfig
</UL>
<BR>[Called By]<UL><LI><a href="#[73]">&gt;&gt;</a>&nbsp;&nbsp;&nbsp;lcd_send_nCmd
<LI><a href="#[72]">&gt;&gt;</a>&nbsp;&nbsp;&nbsp;lcd_send_1Dat
<LI><a href="#[70]">&gt;&gt;</a>&nbsp;&nbsp;&nbsp;lcd_send_1Cmd
</UL>

<P><STRONG><a name="[58]"></a>get_union_rect</STRONG> (Thumb, 82 bytes, Stack size 16 bytes, dirty_driver.o(i.get_union_rect))
<BR><BR>[Stack]<UL><LI>Max Depth = 16<LI>Call Chain = get_union_rect
</UL>
<BR>[Calls]<UL><LI><a href="#[59]">&gt;&gt;</a>&nbsp;&nbsp;&nbsp;__aeabi_memcpy
</UL>
<BR>[Called By]<UL><LI><a href="#[8a]">&gt;&gt;</a>&nbsp;&nbsp;&nbsp;we_dirty_add_rect
</UL>

<P><STRONG><a name="[8b]"></a>rect_area</STRONG> (Thumb, 28 bytes, Stack size 0 bytes, dirty_driver.o(i.rect_area))
<BR><BR>[Called By]<UL><LI><a href="#[8a]">&gt;&gt;</a>&nbsp;&nbsp;&nbsp;we_dirty_add_rect
</UL>

<P><STRONG><a name="[7d]"></a>rect_contains</STRONG> (Thumb, 56 bytes, Stack size 0 bytes, dirty_driver.o(i.rect_contains))
<BR><BR>[Called By]<UL><LI><a href="#[8a]">&gt;&gt;</a>&nbsp;&nbsp;&nbsp;we_dirty_add_rect
<LI><a href="#[7b]">&gt;&gt;</a>&nbsp;&nbsp;&nbsp;rect_trim_one_side
</UL>

<P><STRONG><a name="[7c]"></a>rect_is_valid</STRONG> (Thumb, 32 bytes, Stack size 0 bytes, dirty_driver.o(i.rect_is_valid))
<BR><BR>[Called By]<UL><LI><a href="#[8a]">&gt;&gt;</a>&nbsp;&nbsp;&nbsp;we_dirty_add_rect
<LI><a href="#[7b]">&gt;&gt;</a>&nbsp;&nbsp;&nbsp;rect_trim_one_side
</UL>

<P><STRONG><a name="[7b]"></a>rect_trim_one_side</STRONG> (Thumb, 244 bytes, Stack size 24 bytes, dirty_driver.o(i.rect_trim_one_side))
<BR><BR>[Stack]<UL><LI>Max Depth = 24<LI>Call Chain = rect_trim_one_side
</UL>
<BR>[Calls]<UL><LI><a href="#[7c]">&gt;&gt;</a>&nbsp;&nbsp;&nbsp;rect_is_valid
<LI><a href="#[7d]">&gt;&gt;</a>&nbsp;&nbsp;&nbsp;rect_contains
</UL>
<BR>[Called By]<UL><LI><a href="#[8a]">&gt;&gt;</a>&nbsp;&nbsp;&nbsp;we_dirty_add_rect
</UL>

<P><STRONG><a name="[8a]"></a>we_dirty_add_rect</STRONG> (Thumb, 382 bytes, Stack size 176 bytes, dirty_driver.o(i.we_dirty_add_rect))
<BR><BR>[Stack]<UL><LI>Max Depth = 200<LI>Call Chain = we_dirty_add_rect &rArr; rect_trim_one_side
</UL>
<BR>[Calls]<UL><LI><a href="#[7b]">&gt;&gt;</a>&nbsp;&nbsp;&nbsp;rect_trim_one_side
<LI><a href="#[7c]">&gt;&gt;</a>&nbsp;&nbsp;&nbsp;rect_is_valid
<LI><a href="#[7d]">&gt;&gt;</a>&nbsp;&nbsp;&nbsp;rect_contains
<LI><a href="#[8b]">&gt;&gt;</a>&nbsp;&nbsp;&nbsp;rect_area
<LI><a href="#[58]">&gt;&gt;</a>&nbsp;&nbsp;&nbsp;get_union_rect
<LI><a href="#[59]">&gt;&gt;</a>&nbsp;&nbsp;&nbsp;__aeabi_memcpy
</UL>
<BR>[Called By]<UL><LI><a href="#[8d]">&gt;&gt;</a>&nbsp;&nbsp;&nbsp;we_dirty_invalidate
</UL>

<P><STRONG><a name="[4c]"></a>_draw_alpha_mask_row_aligned</STRONG> (Thumb, 334 bytes, Stack size 96 bytes, we_font_text.o(i._draw_alpha_mask_row_aligned))
<BR><BR>[Stack]<UL><LI>Max Depth = 156<LI>Call Chain = _draw_alpha_mask_row_aligned &rArr; we_colour_blend &rArr; __aeabi_uidivmod
</UL>
<BR>[Calls]<UL><LI><a href="#[4d]">&gt;&gt;</a>&nbsp;&nbsp;&nbsp;we_colour_blend
</UL>
<BR>[Called By]<UL><LI><a href="#[4e]">&gt;&gt;</a>&nbsp;&nbsp;&nbsp;we_draw_string
</UL>

<P><STRONG><a name="[91]"></a>_we_font_get_glyph_info_internal</STRONG> (Thumb, 238 bytes, Stack size 24 bytes, we_font_text.o(i._we_font_get_glyph_info_internal))
<BR><BR>[Stack]<UL><LI>Max Depth = 24<LI>Call Chain = _we_font_get_glyph_info_internal
</UL>
<BR>[Called By]<UL><LI><a href="#[8f]">&gt;&gt;</a>&nbsp;&nbsp;&nbsp;we_font_get_glyph_info
</UL>

<P><STRONG><a name="[8e]"></a>_we_font_get_line_height_impl</STRONG> (Thumb, 8 bytes, Stack size 0 bytes, we_font_text.o(i._we_font_get_line_height_impl))
<BR><BR>[Called By]<UL><LI><a href="#[50]">&gt;&gt;</a>&nbsp;&nbsp;&nbsp;we_font_get_line_height
<LI><a href="#[4e]">&gt;&gt;</a>&nbsp;&nbsp;&nbsp;we_draw_string
</UL>

<P><STRONG><a name="[4d]"></a>we_colour_blend</STRONG> (Thumb, 130 bytes, Stack size 48 bytes, we_font_text.o(i.we_colour_blend))
<BR><BR>[Stack]<UL><LI>Max Depth = 60<LI>Call Chain = we_colour_blend &rArr; __aeabi_uidivmod
</UL>
<BR>[Calls]<UL><LI><a href="#[32]">&gt;&gt;</a>&nbsp;&nbsp;&nbsp;__aeabi_uidivmod
</UL>
<BR>[Called By]<UL><LI><a href="#[4c]">&gt;&gt;</a>&nbsp;&nbsp;&nbsp;_draw_alpha_mask_row_aligned
</UL>

<P><STRONG><a name="[95]"></a>_we_gui_run_timers</STRONG> (Thumb, 106 bytes, Stack size 32 bytes, we_gui_driver.o(i._we_gui_run_timers))
<BR><BR>[Stack]<UL><LI>Max Depth = 32<LI>Call Chain = _we_gui_run_timers
</UL>
<BR>[Called By]<UL><LI><a href="#[7a]">&gt;&gt;</a>&nbsp;&nbsp;&nbsp;we_gui_task_handler
</UL>

<P><STRONG><a name="[2b]"></a>_label_draw_cb</STRONG> (Thumb, 50 bytes, Stack size 24 bytes, we_widget_label.o(i._label_draw_cb))
<BR><BR>[Stack]<UL><LI>Max Depth = 284<LI>Call Chain = _label_draw_cb &rArr; we_draw_string &rArr; _draw_alpha_mask_row_aligned &rArr; we_colour_blend &rArr; __aeabi_uidivmod
</UL>
<BR>[Calls]<UL><LI><a href="#[4e]">&gt;&gt;</a>&nbsp;&nbsp;&nbsp;we_draw_string
</UL>
<BR>[Address Reference Count : 1]<UL><LI> we_widget_label.o(.constdata)
</UL>
<P><STRONG><a name="[4f]"></a>_label_get_text_bbox</STRONG> (Thumb, 94 bytes, Stack size 40 bytes, we_widget_label.o(i._label_get_text_bbox))
<BR><BR>[Stack]<UL><LI>Max Depth = 104<LI>Call Chain = _label_get_text_bbox &rArr; we_get_text_width &rArr; we_font_get_glyph_info &rArr; _we_font_get_glyph_info_internal
</UL>
<BR>[Calls]<UL><LI><a href="#[51]">&gt;&gt;</a>&nbsp;&nbsp;&nbsp;we_get_text_width
<LI><a href="#[50]">&gt;&gt;</a>&nbsp;&nbsp;&nbsp;we_font_get_line_height
</UL>
<BR>[Called By]<UL><LI><a href="#[85]">&gt;&gt;</a>&nbsp;&nbsp;&nbsp;we_label_set_text
<LI><a href="#[83]">&gt;&gt;</a>&nbsp;&nbsp;&nbsp;we_label_obj_init
<LI><a href="#[52]">&gt;&gt;</a>&nbsp;&nbsp;&nbsp;_label_invalidate_text_bbox
</UL>

<P><STRONG><a name="[52]"></a>_label_invalidate_text_bbox</STRONG> (Thumb, 76 bytes, Stack size 24 bytes, we_widget_label.o(i._label_invalidate_text_bbox))
<BR><BR>[Stack]<UL><LI>Max Depth = 280<LI>Call Chain = _label_invalidate_text_bbox &rArr; we_obj_invalidate_area &rArr; we_dirty_invalidate &rArr; we_dirty_add_rect &rArr; rect_trim_one_side
</UL>
<BR>[Calls]<UL><LI><a href="#[4a]">&gt;&gt;</a>&nbsp;&nbsp;&nbsp;we_obj_invalidate_area
<LI><a href="#[4f]">&gt;&gt;</a>&nbsp;&nbsp;&nbsp;_label_get_text_bbox
</UL>
<BR>[Called By]<UL><LI><a href="#[85]">&gt;&gt;</a>&nbsp;&nbsp;&nbsp;we_label_set_text
</UL>

<P><STRONG><a name="[3e]"></a>_chart_accum_span</STRONG> (Thumb, 110 bytes, Stack size 40 bytes, we_widget_chart.o(i._chart_accum_span))
<BR><BR>[Stack]<UL><LI>Max Depth = 48<LI>Call Chain = _chart_accum_span &rArr; _chart_value_to_sy
</UL>
<BR>[Calls]<UL><LI><a href="#[3f]">&gt;&gt;</a>&nbsp;&nbsp;&nbsp;_chart_value_to_sy
</UL>
<BR>[Called By]<UL><LI><a href="#[48]">&gt;&gt;</a>&nbsp;&nbsp;&nbsp;_chart_invalidate_push
</UL>

<P><STRONG><a name="[4b]"></a>_chart_clamp_sy</STRONG> (Thumb, 18 bytes, Stack size 0 bytes, we_widget_chart.o(i._chart_clamp_sy))
<BR><BR>[Called By]<UL><LI><a href="#[41]">&gt;&gt;</a>&nbsp;&nbsp;&nbsp;_get_sy
<LI><a href="#[3f]">&gt;&gt;</a>&nbsp;&nbsp;&nbsp;_chart_value_to_sy
</UL>

<P><STRONG><a name="[2c]"></a>_chart_draw_cb</STRONG> (Thumb, 394 bytes, Stack size 144 bytes, we_widget_chart.o(i._chart_draw_cb))
<BR><BR>[Stack]<UL><LI>Max Depth = 316<LI>Call Chain = _chart_draw_cb &rArr; _chart_draw_wave_col &rArr; _chart_draw_wave_feather &rArr; we_colour_blend &rArr; __aeabi_uidivmod
</UL>
<BR>[Calls]<UL><LI><a href="#[41]">&gt;&gt;</a>&nbsp;&nbsp;&nbsp;_get_sy
<LI><a href="#[42]">&gt;&gt;</a>&nbsp;&nbsp;&nbsp;_chart_draw_wave_col
<LI><a href="#[40]">&gt;&gt;</a>&nbsp;&nbsp;&nbsp;_chart_draw_grid
<LI><a href="#[32]">&gt;&gt;</a>&nbsp;&nbsp;&nbsp;__aeabi_uidivmod
</UL>
<BR>[Address Reference Count : 1]<UL><LI> we_widget_chart.o(.constdata)
</UL>
<P><STRONG><a name="[40]"></a>_chart_draw_grid</STRONG> (Thumb, 248 bytes, Stack size 48 bytes, we_widget_chart.o(i._chart_draw_grid))
<BR><BR>[Stack]<UL><LI>Max Depth = 76<LI>Call Chain = _chart_draw_grid &rArr; __aeabi_idivmod &rArr; __aeabi_uidivmod
</UL>
<BR>[Calls]<UL><LI><a href="#[43]">&gt;&gt;</a>&nbsp;&nbsp;&nbsp;_chart_draw_grid_vline
<LI><a href="#[31]">&gt;&gt;</a>&nbsp;&nbsp;&nbsp;__aeabi_idivmod
</UL>
<BR>[Called By]<UL><LI><a href="#[2c]">&gt;&gt;</a>&nbsp;&nbsp;&nbsp;_chart_draw_cb
</UL>

<P><STRONG><a name="[43]"></a>_chart_draw_grid_vline</STRONG> (Thumb, 96 bytes, Stack size 16 bytes, we_widget_chart.o(i._chart_draw_grid_vline))
<BR><BR>[Stack]<UL><LI>Max Depth = 16<LI>Call Chain = _chart_draw_grid_vline
</UL>
<BR>[Called By]<UL><LI><a href="#[40]">&gt;&gt;</a>&nbsp;&nbsp;&nbsp;_chart_draw_grid
</UL>

<P><STRONG><a name="[42]"></a>_chart_draw_wave_col</STRONG> (Thumb, 136 bytes, Stack size 64 bytes, we_widget_chart.o(i._chart_draw_wave_col))
<BR><BR>[Stack]<UL><LI>Max Depth = 172<LI>Call Chain = _chart_draw_wave_col &rArr; _chart_draw_wave_feather &rArr; we_colour_blend &rArr; __aeabi_uidivmod
</UL>
<BR>[Calls]<UL><LI><a href="#[44]">&gt;&gt;</a>&nbsp;&nbsp;&nbsp;we_colour_blend
<LI><a href="#[45]">&gt;&gt;</a>&nbsp;&nbsp;&nbsp;_chart_draw_wave_feather
</UL>
<BR>[Called By]<UL><LI><a href="#[2c]">&gt;&gt;</a>&nbsp;&nbsp;&nbsp;_chart_draw_cb
</UL>

<P><STRONG><a name="[45]"></a>_chart_draw_wave_feather</STRONG> (Thumb, 180 bytes, Stack size 48 bytes, we_widget_chart.o(i._chart_draw_wave_feather))
<BR><BR>[Stack]<UL><LI>Max Depth = 108<LI>Call Chain = _chart_draw_wave_feather &rArr; we_colour_blend &rArr; __aeabi_uidivmod
</UL>
<BR>[Calls]<UL><LI><a href="#[44]">&gt;&gt;</a>&nbsp;&nbsp;&nbsp;we_colour_blend
<LI><a href="#[32]">&gt;&gt;</a>&nbsp;&nbsp;&nbsp;__aeabi_uidivmod
</UL>
<BR>[Called By]<UL><LI><a href="#[42]">&gt;&gt;</a>&nbsp;&nbsp;&nbsp;_chart_draw_wave_col
</UL>

<P><STRONG><a name="[46]"></a>_chart_invalidate_full</STRONG> (Thumb, 12 bytes, Stack size 8 bytes, we_widget_chart.o(i._chart_invalidate_full))
<BR><BR>[Stack]<UL><LI>Max Depth = 272<LI>Call Chain = _chart_invalidate_full &rArr; we_obj_invalidate &rArr; we_obj_invalidate_area &rArr; we_dirty_invalidate &rArr; we_dirty_add_rect &rArr; rect_trim_one_side
</UL>
<BR>[Calls]<UL><LI><a href="#[47]">&gt;&gt;</a>&nbsp;&nbsp;&nbsp;we_obj_invalidate
</UL>
<BR>[Called By]<UL><LI><a href="#[7f]">&gt;&gt;</a>&nbsp;&nbsp;&nbsp;we_chart_clear
</UL>

<P><STRONG><a name="[48]"></a>_chart_invalidate_push</STRONG> (Thumb, 536 bytes, Stack size 128 bytes, we_widget_chart.o(i._chart_invalidate_push))
<BR><BR>[Stack]<UL><LI>Max Depth = 384<LI>Call Chain = _chart_invalidate_push &rArr; we_obj_invalidate_area &rArr; we_dirty_invalidate &rArr; we_dirty_add_rect &rArr; rect_trim_one_side
</UL>
<BR>[Calls]<UL><LI><a href="#[4a]">&gt;&gt;</a>&nbsp;&nbsp;&nbsp;we_obj_invalidate_area
<LI><a href="#[49]">&gt;&gt;</a>&nbsp;&nbsp;&nbsp;_chart_value_at_visible
<LI><a href="#[3e]">&gt;&gt;</a>&nbsp;&nbsp;&nbsp;_chart_accum_span
<LI><a href="#[32]">&gt;&gt;</a>&nbsp;&nbsp;&nbsp;__aeabi_uidivmod
</UL>
<BR>[Called By]<UL><LI><a href="#[81]">&gt;&gt;</a>&nbsp;&nbsp;&nbsp;we_chart_push
</UL>

<P><STRONG><a name="[49]"></a>_chart_value_at_visible</STRONG> (Thumb, 16 bytes, Stack size 8 bytes, we_widget_chart.o(i._chart_value_at_visible))
<BR><BR>[Stack]<UL><LI>Max Depth = 20<LI>Call Chain = _chart_value_at_visible &rArr; __aeabi_uidivmod
</UL>
<BR>[Calls]<UL><LI><a href="#[32]">&gt;&gt;</a>&nbsp;&nbsp;&nbsp;__aeabi_uidivmod
</UL>
<BR>[Called By]<UL><LI><a href="#[41]">&gt;&gt;</a>&nbsp;&nbsp;&nbsp;_get_sy
<LI><a href="#[48]">&gt;&gt;</a>&nbsp;&nbsp;&nbsp;_chart_invalidate_push
</UL>

<P><STRONG><a name="[3f]"></a>_chart_value_to_sy</STRONG> (Thumb, 18 bytes, Stack size 8 bytes, we_widget_chart.o(i._chart_value_to_sy))
<BR><BR>[Stack]<UL><LI>Max Depth = 8<LI>Call Chain = _chart_value_to_sy
</UL>
<BR>[Calls]<UL><LI><a href="#[4b]">&gt;&gt;</a>&nbsp;&nbsp;&nbsp;_chart_clamp_sy
</UL>
<BR>[Called By]<UL><LI><a href="#[3e]">&gt;&gt;</a>&nbsp;&nbsp;&nbsp;_chart_accum_span
</UL>

<P><STRONG><a name="[41]"></a>_get_sy</STRONG> (Thumb, 42 bytes, Stack size 16 bytes, we_widget_chart.o(i._get_sy))
<BR><BR>[Stack]<UL><LI>Max Depth = 36<LI>Call Chain = _get_sy &rArr; _chart_value_at_visible &rArr; __aeabi_uidivmod
</UL>
<BR>[Calls]<UL><LI><a href="#[49]">&gt;&gt;</a>&nbsp;&nbsp;&nbsp;_chart_value_at_visible
<LI><a href="#[4b]">&gt;&gt;</a>&nbsp;&nbsp;&nbsp;_chart_clamp_sy
</UL>
<BR>[Called By]<UL><LI><a href="#[2c]">&gt;&gt;</a>&nbsp;&nbsp;&nbsp;_chart_draw_cb
</UL>

<P><STRONG><a name="[44]"></a>we_colour_blend</STRONG> (Thumb, 130 bytes, Stack size 48 bytes, we_widget_chart.o(i.we_colour_blend))
<BR><BR>[Stack]<UL><LI>Max Depth = 60<LI>Call Chain = we_colour_blend &rArr; __aeabi_uidivmod
</UL>
<BR>[Calls]<UL><LI><a href="#[32]">&gt;&gt;</a>&nbsp;&nbsp;&nbsp;__aeabi_uidivmod
</UL>
<BR>[Called By]<UL><LI><a href="#[45]">&gt;&gt;</a>&nbsp;&nbsp;&nbsp;_chart_draw_wave_feather
<LI><a href="#[42]">&gt;&gt;</a>&nbsp;&nbsp;&nbsp;_chart_draw_wave_col
</UL>

<P><STRONG><a name="[55]"></a>_sample_next</STRONG> (Thumb, 120 bytes, Stack size 8 bytes, demo_chart.o(i._sample_next))
<BR><BR>[Stack]<UL><LI>Max Depth = 8<LI>Call Chain = _sample_next
</UL>
<BR>[Calls]<UL><LI><a href="#[56]">&gt;&gt;</a>&nbsp;&nbsp;&nbsp;we_sin
</UL>
<BR>[Called By]<UL><LI><a href="#[2a]">&gt;&gt;</a>&nbsp;&nbsp;&nbsp;we_chart_simple_demo_tick
</UL>

<P><STRONG><a name="[82]"></a>we_rgb888_to_dev</STRONG> (Thumb, 44 bytes, Stack size 8 bytes, demo_chart.o(i.we_rgb888_to_dev))
<BR><BR>[Stack]<UL><LI>Max Depth = 8<LI>Call Chain = we_rgb888_to_dev
</UL>
<BR>[Called By]<UL><LI><a href="#[77]">&gt;&gt;</a>&nbsp;&nbsp;&nbsp;we_chart_simple_demo_init
</UL>

<P><STRONG><a name="[57]"></a>_we_demo_scale</STRONG> (Thumb, 34 bytes, Stack size 8 bytes, demo_common.o(i._we_demo_scale))
<BR><BR>[Stack]<UL><LI>Max Depth = 36<LI>Call Chain = _we_demo_scale &rArr; __aeabi_idivmod &rArr; __aeabi_uidivmod
</UL>
<BR>[Calls]<UL><LI><a href="#[31]">&gt;&gt;</a>&nbsp;&nbsp;&nbsp;__aeabi_idivmod
</UL>
<BR>[Called By]<UL><LI><a href="#[87]">&gt;&gt;</a>&nbsp;&nbsp;&nbsp;we_demo_scale_x
</UL>

<P><STRONG><a name="[3d]"></a>_printf_core</STRONG> (Thumb, 768 bytes, Stack size 96 bytes, printf6.o(i._printf_core), UNUSED)
<BR><BR>[Calls]<UL><LI><a href="#[53]">&gt;&gt;</a>&nbsp;&nbsp;&nbsp;_printf_pre_padding
<LI><a href="#[54]">&gt;&gt;</a>&nbsp;&nbsp;&nbsp;_printf_post_padding
<LI><a href="#[32]">&gt;&gt;</a>&nbsp;&nbsp;&nbsp;__aeabi_uidivmod
</UL>
<BR>[Called By]<UL><LI><a href="#[3c]">&gt;&gt;</a>&nbsp;&nbsp;&nbsp;__0sprintf$6
</UL>

<P><STRONG><a name="[54]"></a>_printf_post_padding</STRONG> (Thumb, 32 bytes, Stack size 24 bytes, printf6.o(i._printf_post_padding), UNUSED)
<BR><BR>[Called By]<UL><LI><a href="#[3d]">&gt;&gt;</a>&nbsp;&nbsp;&nbsp;_printf_core
</UL>

<P><STRONG><a name="[53]"></a>_printf_pre_padding</STRONG> (Thumb, 44 bytes, Stack size 40 bytes, printf6.o(i._printf_pre_padding), UNUSED)
<BR><BR>[Called By]<UL><LI><a href="#[3d]">&gt;&gt;</a>&nbsp;&nbsp;&nbsp;_printf_core
</UL>

<P><STRONG><a name="[26]"></a>_sputc</STRONG> (Thumb, 10 bytes, Stack size 0 bytes, printf6.o(i._sputc))
<BR><BR>[Called By]<UL><LI><a href="#[3c]">&gt;&gt;</a>&nbsp;&nbsp;&nbsp;__0sprintf$6
</UL>
<BR>[Address Reference Count : 1]<UL><LI> printf6.o(i.__0sprintf$6)
</UL><P>
<H3>
Undefined Global Symbols
</H3>
<P><STRONG><a name="[30]"></a>__arm_fini_</STRONG> (Unknown, 0 bytes, Stack size 0 bytes, UNDEFINED)
<BR><BR>[Called By]<UL><LI><a href="#[2f]">&gt;&gt;</a>&nbsp;&nbsp;&nbsp;__rt_lib_shutdown_fini
</UL>
<HR></body></html>
